Component: ARM Compiler 5.06 update 6 (build 750) Tool: armlink [4d35ed]

==============================================================================

Section Cross References

    main.o(.text) refers to stm32f4xx_usart.o(.text) for USART_SendData
    main.o(.text) refers to misc.o(.text) for NVIC_PriorityGroupConfig
    main.o(.text) refers to stm32f4xx_rcc.o(.text) for RCC_AHB1PeriphClockCmd
    main.o(.text) refers to stm32f4xx_gpio.o(.text) for GPIO_PinAFConfig
    main.o(.text) refers to delay.o(.text) for delay_ms
    main.o(.text) refers to oled.o(.text) for OLED_Init
    main.o(.text) refers to main.o(.data) for tx_buff
    main.o(.text) refers to main.o(.bss) for ch_data
    oled.o(.text) refers to stm32f4xx_gpio.o(.text) for GPIO_SetBits
    oled.o(.text) refers to oled.o(.constdata) for F8X16
    oled.o(.text) refers to stm32f4xx_rcc.o(.text) for RCC_AHB1PeriphClockCmd
    stm32f4xx_tim.o(.text) refers to stm32f4xx_rcc.o(.text) for RCC_APB2PeriphResetCmd
    stm32f4xx_rcc.o(.text) refers to stm32f4xx_rcc.o(.data) for APBAHBPrescTable
    stm32f4xx_can.o(.text) refers to stm32f4xx_rcc.o(.text) for RCC_APB1PeriphResetCmd
    stm32f4xx_gpio.o(.text) refers to stm32f4xx_rcc.o(.text) for RCC_AHB1PeriphResetCmd
    stm32f4xx_usart.o(.text) refers to stm32f4xx_rcc.o(.text) for RCC_APB2PeriphResetCmd
    stm32f4xx_syscfg.o(.text) refers to stm32f4xx_rcc.o(.text) for RCC_APB2PeriphResetCmd
    system_stm32f4xx.o(.text) refers to system_stm32f4xx.o(.data) for SystemCoreClock
    startup_stm32f4xx.o(RESET) refers to startup_stm32f4xx.o(STACK) for __initial_sp
    startup_stm32f4xx.o(RESET) refers to startup_stm32f4xx.o(.text) for Reset_Handler
    startup_stm32f4xx.o(RESET) refers to stm32f4xx_it.o(.text) for NMI_Handler
    startup_stm32f4xx.o(RESET) refers to main.o(.text) for USART1_IRQHandler
    startup_stm32f4xx.o(.text) refers to system_stm32f4xx.o(.text) for SystemInit
    startup_stm32f4xx.o(.text) refers to entry.o(.ARM.Collect$$$$00000000) for __main
    stm32f4xx_i2c.o(.text) refers to stm32f4xx_rcc.o(.text) for RCC_APB1PeriphResetCmd
    stm32f4xx_wwdg.o(.text) refers to stm32f4xx_rcc.o(.text) for RCC_APB1PeriphResetCmd
    entry.o(.ARM.Collect$$$$00000000) refers (Special) to entry10a.o(.ARM.Collect$$$$0000000D) for __rt_final_cpp
    entry.o(.ARM.Collect$$$$00000000) refers (Special) to entry11a.o(.ARM.Collect$$$$0000000F) for __rt_final_exit
    entry.o(.ARM.Collect$$$$00000000) refers (Special) to entry7b.o(.ARM.Collect$$$$00000008) for _main_clock
    entry.o(.ARM.Collect$$$$00000000) refers (Special) to entry8b.o(.ARM.Collect$$$$0000000A) for _main_cpp_init
    entry.o(.ARM.Collect$$$$00000000) refers (Special) to entry9a.o(.ARM.Collect$$$$0000000B) for _main_init
    entry.o(.ARM.Collect$$$$00000000) refers (Special) to entry5.o(.ARM.Collect$$$$00000004) for _main_scatterload
    entry.o(.ARM.Collect$$$$00000000) refers (Special) to entry2.o(.ARM.Collect$$$$00000001) for _main_stk
    entry2.o(.ARM.Collect$$$$00000001) refers to entry2.o(.ARM.Collect$$$$00002712) for __lit__00000000
    entry2.o(.ARM.Collect$$$$00002712) refers to startup_stm32f4xx.o(STACK) for __initial_sp
    entry2.o(__vectab_stack_and_reset_area) refers to startup_stm32f4xx.o(STACK) for __initial_sp
    entry2.o(__vectab_stack_and_reset_area) refers to entry.o(.ARM.Collect$$$$00000000) for __main
    entry5.o(.ARM.Collect$$$$00000004) refers to init.o(.text) for __scatterload
    entry9a.o(.ARM.Collect$$$$0000000B) refers to main.o(.text) for main
    entry9b.o(.ARM.Collect$$$$0000000C) refers to main.o(.text) for main
    init.o(.text) refers to entry5.o(.ARM.Collect$$$$00000004) for __main_after_scatterload


==============================================================================

Removing Unused input sections from the image.

    Removing main.o(.rev16_text), (4 bytes).
    Removing main.o(.revsh_text), (4 bytes).
    Removing main.o(.rrx_text), (6 bytes).
    Removing stm32f4xx_it.o(.rev16_text), (4 bytes).
    Removing stm32f4xx_it.o(.revsh_text), (4 bytes).
    Removing stm32f4xx_it.o(.rrx_text), (6 bytes).
    Removing delay.o(.rev16_text), (4 bytes).
    Removing delay.o(.revsh_text), (4 bytes).
    Removing delay.o(.rrx_text), (6 bytes).
    Removing oled.o(.rev16_text), (4 bytes).
    Removing oled.o(.revsh_text), (4 bytes).
    Removing oled.o(.rrx_text), (6 bytes).
    Removing misc.o(.rev16_text), (4 bytes).
    Removing misc.o(.revsh_text), (4 bytes).
    Removing misc.o(.rrx_text), (6 bytes).
    Removing stm32f4xx_tim.o(.rev16_text), (4 bytes).
    Removing stm32f4xx_tim.o(.revsh_text), (4 bytes).
    Removing stm32f4xx_tim.o(.rrx_text), (6 bytes).
    Removing stm32f4xx_tim.o(.text), (3234 bytes).
    Removing stm32f4xx_rcc.o(.rev16_text), (4 bytes).
    Removing stm32f4xx_rcc.o(.revsh_text), (4 bytes).
    Removing stm32f4xx_rcc.o(.rrx_text), (6 bytes).
    Removing stm32f4xx_can.o(.rev16_text), (4 bytes).
    Removing stm32f4xx_can.o(.revsh_text), (4 bytes).
    Removing stm32f4xx_can.o(.rrx_text), (6 bytes).
    Removing stm32f4xx_can.o(.text), (2544 bytes).
    Removing stm32f4xx_exti.o(.rev16_text), (4 bytes).
    Removing stm32f4xx_exti.o(.revsh_text), (4 bytes).
    Removing stm32f4xx_exti.o(.rrx_text), (6 bytes).
    Removing stm32f4xx_exti.o(.text), (284 bytes).
    Removing stm32f4xx_gpio.o(.rev16_text), (4 bytes).
    Removing stm32f4xx_gpio.o(.revsh_text), (4 bytes).
    Removing stm32f4xx_gpio.o(.rrx_text), (6 bytes).
    Removing stm32f4xx_usart.o(.rev16_text), (4 bytes).
    Removing stm32f4xx_usart.o(.revsh_text), (4 bytes).
    Removing stm32f4xx_usart.o(.rrx_text), (6 bytes).
    Removing stm32f4xx_syscfg.o(.rev16_text), (4 bytes).
    Removing stm32f4xx_syscfg.o(.revsh_text), (4 bytes).
    Removing stm32f4xx_syscfg.o(.rrx_text), (6 bytes).
    Removing stm32f4xx_syscfg.o(.text), (140 bytes).
    Removing system_stm32f4xx.o(.rev16_text), (4 bytes).
    Removing system_stm32f4xx.o(.revsh_text), (4 bytes).
    Removing system_stm32f4xx.o(.rrx_text), (6 bytes).
    Removing startup_stm32f4xx.o(HEAP), (512 bytes).
    Removing stm32f4xx_i2c.o(.rev16_text), (4 bytes).
    Removing stm32f4xx_i2c.o(.revsh_text), (4 bytes).
    Removing stm32f4xx_i2c.o(.rrx_text), (6 bytes).
    Removing stm32f4xx_i2c.o(.text), (1064 bytes).
    Removing stm32f4xx_wwdg.o(.rev16_text), (4 bytes).
    Removing stm32f4xx_wwdg.o(.revsh_text), (4 bytes).
    Removing stm32f4xx_wwdg.o(.rrx_text), (6 bytes).
    Removing stm32f4xx_wwdg.o(.text), (144 bytes).
    Removing stm32f4xx_flash.o(.rev16_text), (4 bytes).
    Removing stm32f4xx_flash.o(.revsh_text), (4 bytes).
    Removing stm32f4xx_flash.o(.rrx_text), (6 bytes).
    Removing stm32f4xx_flash.o(.text), (1212 bytes).
    Removing stm32f4xx_dma.o(.rev16_text), (4 bytes).
    Removing stm32f4xx_dma.o(.revsh_text), (4 bytes).
    Removing stm32f4xx_dma.o(.rrx_text), (6 bytes).
    Removing stm32f4xx_dma.o(.text), (936 bytes).
    Removing stm32f4xx_iwdg.o(.rev16_text), (4 bytes).
    Removing stm32f4xx_iwdg.o(.revsh_text), (4 bytes).
    Removing stm32f4xx_iwdg.o(.rrx_text), (6 bytes).
    Removing stm32f4xx_iwdg.o(.text), (64 bytes).

64 unused section(s) (total 10386 bytes) removed from the image.

==============================================================================

Image Symbol Table

    Local Symbols

    Symbol Name                              Value     Ov Type        Size  Object(Section)

    ../clib/microlib/init/entry.s            0x00000000   Number         0  entry11a.o ABSOLUTE
    ../clib/microlib/init/entry.s            0x00000000   Number         0  entry11b.o ABSOLUTE
    ../clib/microlib/init/entry.s            0x00000000   Number         0  entry10b.o ABSOLUTE
    ../clib/microlib/init/entry.s            0x00000000   Number         0  entry9b.o ABSOLUTE
    ../clib/microlib/init/entry.s            0x00000000   Number         0  entry9a.o ABSOLUTE
    ../clib/microlib/init/entry.s            0x00000000   Number         0  entry10a.o ABSOLUTE
    ../clib/microlib/init/entry.s            0x00000000   Number         0  entry8b.o ABSOLUTE
    ../clib/microlib/init/entry.s            0x00000000   Number         0  entry8a.o ABSOLUTE
    ../clib/microlib/init/entry.s            0x00000000   Number         0  entry7b.o ABSOLUTE
    ../clib/microlib/init/entry.s            0x00000000   Number         0  entry7a.o ABSOLUTE
    ../clib/microlib/init/entry.s            0x00000000   Number         0  entry5.o ABSOLUTE
    ../clib/microlib/init/entry.s            0x00000000   Number         0  entry.o ABSOLUTE
    ../clib/microlib/init/entry.s            0x00000000   Number         0  entry2.o ABSOLUTE
    ..\Libraries\misc.c                      0x00000000   Number         0  misc.o ABSOLUTE
    ..\Libraries\startup_stm32f4xx.s         0x00000000   Number         0  startup_stm32f4xx.o ABSOLUTE
    ..\Libraries\stm32f4xx_can.c             0x00000000   Number         0  stm32f4xx_can.o ABSOLUTE
    ..\Libraries\stm32f4xx_dma.c             0x00000000   Number         0  stm32f4xx_dma.o ABSOLUTE
    ..\Libraries\stm32f4xx_exti.c            0x00000000   Number         0  stm32f4xx_exti.o ABSOLUTE
    ..\Libraries\stm32f4xx_flash.c           0x00000000   Number         0  stm32f4xx_flash.o ABSOLUTE
    ..\Libraries\stm32f4xx_gpio.c            0x00000000   Number         0  stm32f4xx_gpio.o ABSOLUTE
    ..\Libraries\stm32f4xx_i2c.c             0x00000000   Number         0  stm32f4xx_i2c.o ABSOLUTE
    ..\Libraries\stm32f4xx_iwdg.c            0x00000000   Number         0  stm32f4xx_iwdg.o ABSOLUTE
    ..\Libraries\stm32f4xx_rcc.c             0x00000000   Number         0  stm32f4xx_rcc.o ABSOLUTE
    ..\Libraries\stm32f4xx_syscfg.c          0x00000000   Number         0  stm32f4xx_syscfg.o ABSOLUTE
    ..\Libraries\stm32f4xx_tim.c             0x00000000   Number         0  stm32f4xx_tim.o ABSOLUTE
    ..\Libraries\stm32f4xx_usart.c           0x00000000   Number         0  stm32f4xx_usart.o ABSOLUTE
    ..\Libraries\stm32f4xx_wwdg.c            0x00000000   Number         0  stm32f4xx_wwdg.o ABSOLUTE
    ..\Libraries\system_stm32f4xx.c          0x00000000   Number         0  system_stm32f4xx.o ABSOLUTE
    ..\System\delay.c                        0x00000000   Number         0  delay.o ABSOLUTE
    ..\User\main.c                           0x00000000   Number         0  main.o ABSOLUTE
    ..\User\stm32f4xx_it.c                   0x00000000   Number         0  stm32f4xx_it.o ABSOLUTE
    ..\\Libraries\\misc.c                    0x00000000   Number         0  misc.o ABSOLUTE
    ..\\Libraries\\stm32f4xx_can.c           0x00000000   Number         0  stm32f4xx_can.o ABSOLUTE
    ..\\Libraries\\stm32f4xx_dma.c           0x00000000   Number         0  stm32f4xx_dma.o ABSOLUTE
    ..\\Libraries\\stm32f4xx_exti.c          0x00000000   Number         0  stm32f4xx_exti.o ABSOLUTE
    ..\\Libraries\\stm32f4xx_flash.c         0x00000000   Number         0  stm32f4xx_flash.o ABSOLUTE
    ..\\Libraries\\stm32f4xx_gpio.c          0x00000000   Number         0  stm32f4xx_gpio.o ABSOLUTE
    ..\\Libraries\\stm32f4xx_i2c.c           0x00000000   Number         0  stm32f4xx_i2c.o ABSOLUTE
    ..\\Libraries\\stm32f4xx_iwdg.c          0x00000000   Number         0  stm32f4xx_iwdg.o ABSOLUTE
    ..\\Libraries\\stm32f4xx_rcc.c           0x00000000   Number         0  stm32f4xx_rcc.o ABSOLUTE
    ..\\Libraries\\stm32f4xx_syscfg.c        0x00000000   Number         0  stm32f4xx_syscfg.o ABSOLUTE
    ..\\Libraries\\stm32f4xx_tim.c           0x00000000   Number         0  stm32f4xx_tim.o ABSOLUTE
    ..\\Libraries\\stm32f4xx_usart.c         0x00000000   Number         0  stm32f4xx_usart.o ABSOLUTE
    ..\\Libraries\\stm32f4xx_wwdg.c          0x00000000   Number         0  stm32f4xx_wwdg.o ABSOLUTE
    ..\\Libraries\\system_stm32f4xx.c        0x00000000   Number         0  system_stm32f4xx.o ABSOLUTE
    ..\\System\\delay.c                      0x00000000   Number         0  delay.o ABSOLUTE
    ..\\User\\main.c                         0x00000000   Number         0  main.o ABSOLUTE
    ..\\User\\stm32f4xx_it.c                 0x00000000   Number         0  stm32f4xx_it.o ABSOLUTE
    ..\\oled\\oled.c                         0x00000000   Number         0  oled.o ABSOLUTE
    ..\oled\oled.c                           0x00000000   Number         0  oled.o ABSOLUTE
    dc.s                                     0x00000000   Number         0  dc.o ABSOLUTE
    handlers.s                               0x00000000   Number         0  handlers.o ABSOLUTE
    init.s                                   0x00000000   Number         0  init.o ABSOLUTE
    RESET                                    0x08000000   Section      392  startup_stm32f4xx.o(RESET)
    .ARM.Collect$$$$00000000                 0x08000188   Section        0  entry.o(.ARM.Collect$$$$00000000)
    .ARM.Collect$$$$00000001                 0x08000188   Section        4  entry2.o(.ARM.Collect$$$$00000001)
    .ARM.Collect$$$$00000004                 0x0800018c   Section        4  entry5.o(.ARM.Collect$$$$00000004)
    .ARM.Collect$$$$00000008                 0x08000190   Section        0  entry7b.o(.ARM.Collect$$$$00000008)
    .ARM.Collect$$$$0000000A                 0x08000190   Section        0  entry8b.o(.ARM.Collect$$$$0000000A)
    .ARM.Collect$$$$0000000B                 0x08000190   Section        8  entry9a.o(.ARM.Collect$$$$0000000B)
    .ARM.Collect$$$$0000000D                 0x08000198   Section        0  entry10a.o(.ARM.Collect$$$$0000000D)
    .ARM.Collect$$$$0000000F                 0x08000198   Section        0  entry11a.o(.ARM.Collect$$$$0000000F)
    .ARM.Collect$$$$00002712                 0x08000198   Section        4  entry2.o(.ARM.Collect$$$$00002712)
    __lit__00000000                          0x08000198   Data           4  entry2.o(.ARM.Collect$$$$00002712)
    .text                                    0x0800019c   Section        0  main.o(.text)
    .text                                    0x08000468   Section        0  stm32f4xx_it.o(.text)
    .text                                    0x08000486   Section        0  delay.o(.text)
    .text                                    0x080004bc   Section        0  oled.o(.text)
    .text                                    0x08000b14   Section        0  misc.o(.text)
    .text                                    0x08000bf4   Section        0  stm32f4xx_rcc.o(.text)
    .text                                    0x0800117c   Section        0  stm32f4xx_gpio.o(.text)
    .text                                    0x080013d8   Section        0  stm32f4xx_usart.o(.text)
    .text                                    0x080017f4   Section        0  system_stm32f4xx.o(.text)
    SetSysClock                              0x080017f5   Thumb Code   220  system_stm32f4xx.o(.text)
    .text                                    0x08001a04   Section       36  startup_stm32f4xx.o(.text)
    $v0                                      0x08001a04   Number         0  startup_stm32f4xx.o(.text)
    .text                                    0x08001a28   Section       36  init.o(.text)
    i.__scatterload_copy                     0x08001a4c   Section       14  handlers.o(i.__scatterload_copy)
    i.__scatterload_null                     0x08001a5a   Section        2  handlers.o(i.__scatterload_null)
    i.__scatterload_zeroinit                 0x08001a5c   Section       14  handlers.o(i.__scatterload_zeroinit)
    .constdata                               0x08001a6a   Section     2072  oled.o(.constdata)
    .data                                    0x20000000   Section        6  main.o(.data)
    StartRx                                  0x20000005   Data           1  main.o(.data)
    .data                                    0x20000006   Section       16  stm32f4xx_rcc.o(.data)
    APBAHBPrescTable                         0x20000006   Data          16  stm32f4xx_rcc.o(.data)
    .data                                    0x20000018   Section       20  system_stm32f4xx.o(.data)
    .bss                                     0x2000002c   Section       48  main.o(.bss)
    STACK                                    0x20000060   Section     1024  startup_stm32f4xx.o(STACK)

    Global Symbols

    Symbol Name                              Value     Ov Type        Size  Object(Section)

    BuildAttributes$$THM_ISAv4$E$P$D$K$B$S$7EM$VFPi3$EXTD16$VFPS$VFMA$PE$A:L22UL41UL21$X:L11$S22US41US21$IEEE1$IW$USESV6$~STKCKD$USESV7$~SHL$OSPACE$EBA8$MICROLIB$REQ8$PRES8$EABIv2 0x00000000   Number         0  anon$$obj.o ABSOLUTE
    __ARM_use_no_argv                        0x00000000   Number         0  main.o ABSOLUTE
    __cpp_initialize__aeabi_                  - Undefined Weak Reference
    __cxa_finalize                            - Undefined Weak Reference
    __decompress                              - Undefined Weak Reference
    _clock_init                               - Undefined Weak Reference
    _microlib_exit                            - Undefined Weak Reference
    __Vectors_Size                           0x00000188   Number         0  startup_stm32f4xx.o ABSOLUTE
    __Vectors                                0x08000000   Data           4  startup_stm32f4xx.o(RESET)
    __Vectors_End                            0x08000188   Data           0  startup_stm32f4xx.o(RESET)
    __main                                   0x08000189   Thumb Code     0  entry.o(.ARM.Collect$$$$00000000)
    _main_stk                                0x08000189   Thumb Code     0  entry2.o(.ARM.Collect$$$$00000001)
    _main_scatterload                        0x0800018d   Thumb Code     0  entry5.o(.ARM.Collect$$$$00000004)
    __main_after_scatterload                 0x08000191   Thumb Code     0  entry5.o(.ARM.Collect$$$$00000004)
    _main_clock                              0x08000191   Thumb Code     0  entry7b.o(.ARM.Collect$$$$00000008)
    _main_cpp_init                           0x08000191   Thumb Code     0  entry8b.o(.ARM.Collect$$$$0000000A)
    _main_init                               0x08000191   Thumb Code     0  entry9a.o(.ARM.Collect$$$$0000000B)
    __rt_final_cpp                           0x08000199   Thumb Code     0  entry10a.o(.ARM.Collect$$$$0000000D)
    __rt_final_exit                          0x08000199   Thumb Code     0  entry11a.o(.ARM.Collect$$$$0000000F)
    FDC_Set                                  0x0800019d   Thumb Code    64  main.o(.text)
    Nvic_Init                                0x080001dd   Thumb Code    40  main.o(.text)
    USART1_Configuration                     0x08000205   Thumb Code   140  main.o(.text)
    main                                     0x08000291   Thumb Code   184  main.o(.text)
    USART1_IRQHandler                        0x08000349   Thumb Code   228  main.o(.text)
    SysTick_Handler                          0x08000469   Thumb Code     2  stm32f4xx_it.o(.text)
    DMA1_Stream2_IRQHandler                  0x0800046b   Thumb Code     2  stm32f4xx_it.o(.text)
    DMA1_Stream4_IRQHandler                  0x0800046d   Thumb Code     2  stm32f4xx_it.o(.text)
    NMI_Handler                              0x0800046f   Thumb Code     2  stm32f4xx_it.o(.text)
    HardFault_Handler                        0x08000471   Thumb Code     4  stm32f4xx_it.o(.text)
    MemManage_Handler                        0x08000475   Thumb Code     4  stm32f4xx_it.o(.text)
    BusFault_Handler                         0x08000479   Thumb Code     4  stm32f4xx_it.o(.text)
    UsageFault_Handler                       0x0800047d   Thumb Code     4  stm32f4xx_it.o(.text)
    SVC_Handler                              0x08000481   Thumb Code     2  stm32f4xx_it.o(.text)
    DebugMon_Handler                         0x08000483   Thumb Code     2  stm32f4xx_it.o(.text)
    PendSV_Handler                           0x08000485   Thumb Code     2  stm32f4xx_it.o(.text)
    delay_ms                                 0x08000487   Thumb Code    28  delay.o(.text)
    delay_us                                 0x080004a3   Thumb Code    26  delay.o(.text)
    OLED_IIC_Delay                           0x080004bd   Thumb Code    26  oled.o(.text)
    OLED_IIC_Start                           0x080004d7   Thumb Code    56  oled.o(.text)
    OLED_IIC_Stop                            0x0800050f   Thumb Code    56  oled.o(.text)
    OLED_IIC_Wait_Ack                        0x08000547   Thumb Code   124  oled.o(.text)
    OLED_Write_IIC_Byte                      0x080005c3   Thumb Code    92  oled.o(.text)
    OLED_Write_IIC_Command                   0x0800061f   Thumb Code    44  oled.o(.text)
    OLED_Write_IIC_Data                      0x0800064b   Thumb Code    44  oled.o(.text)
    OLED_WR_Byte                             0x08000677   Thumb Code    24  oled.o(.text)
    fill_picture                             0x0800068f   Thumb Code    64  oled.o(.text)
    OLED_Set_Pos                             0x080006cf   Thumb Code    40  oled.o(.text)
    OLED_Display_On                          0x080006f7   Thumb Code    28  oled.o(.text)
    OLED_Display_Off                         0x08000713   Thumb Code    28  oled.o(.text)
    OLED_Clear                               0x0800072f   Thumb Code    62  oled.o(.text)
    OLED_On                                  0x0800076d   Thumb Code    62  oled.o(.text)
    OLED_ShowChar                            0x080007ab   Thumb Code   154  oled.o(.text)
    oled_pow                                 0x08000845   Thumb Code    22  oled.o(.text)
    OLED_ShowNum                             0x0800085b   Thumb Code   228  oled.o(.text)
    OLED_ShowString                          0x0800093f   Thumb Code    58  oled.o(.text)
    OLED_DrawBMP                             0x08000979   Thumb Code   118  oled.o(.text)
    OLED_Init                                0x080009ef   Thumb Code   290  oled.o(.text)
    NVIC_PriorityGroupConfig                 0x08000b15   Thumb Code    10  misc.o(.text)
    NVIC_Init                                0x08000b1f   Thumb Code   106  misc.o(.text)
    NVIC_SetVectorTable                      0x08000b89   Thumb Code    14  misc.o(.text)
    NVIC_SystemLPConfig                      0x08000b97   Thumb Code    34  misc.o(.text)
    SysTick_CLKSourceConfig                  0x08000bb9   Thumb Code    40  misc.o(.text)
    RCC_DeInit                               0x08000bf5   Thumb Code    60  stm32f4xx_rcc.o(.text)
    RCC_HSEConfig                            0x08000c31   Thumb Code    14  stm32f4xx_rcc.o(.text)
    RCC_GetFlagStatus                        0x08000c3f   Thumb Code    60  stm32f4xx_rcc.o(.text)
    RCC_WaitForHSEStartUp                    0x08000c7b   Thumb Code    56  stm32f4xx_rcc.o(.text)
    RCC_AdjustHSICalibrationValue            0x08000cb3   Thumb Code    20  stm32f4xx_rcc.o(.text)
    RCC_HSICmd                               0x08000cc7   Thumb Code     6  stm32f4xx_rcc.o(.text)
    RCC_LSEConfig                            0x08000ccd   Thumb Code    46  stm32f4xx_rcc.o(.text)
    RCC_LSICmd                               0x08000cfb   Thumb Code     6  stm32f4xx_rcc.o(.text)
    RCC_PLLConfig                            0x08000d01   Thumb Code    32  stm32f4xx_rcc.o(.text)
    RCC_PLLCmd                               0x08000d21   Thumb Code     6  stm32f4xx_rcc.o(.text)
    RCC_PLLI2SConfig                         0x08000d27   Thumb Code    14  stm32f4xx_rcc.o(.text)
    RCC_PLLI2SCmd                            0x08000d35   Thumb Code     6  stm32f4xx_rcc.o(.text)
    RCC_ClockSecuritySystemCmd               0x08000d3b   Thumb Code     6  stm32f4xx_rcc.o(.text)
    RCC_MCO1Config                           0x08000d41   Thumb Code    28  stm32f4xx_rcc.o(.text)
    RCC_MCO2Config                           0x08000d5d   Thumb Code    28  stm32f4xx_rcc.o(.text)
    RCC_SYSCLKConfig                         0x08000d79   Thumb Code    20  stm32f4xx_rcc.o(.text)
    RCC_GetSYSCLKSource                      0x08000d8d   Thumb Code    12  stm32f4xx_rcc.o(.text)
    RCC_HCLKConfig                           0x08000d99   Thumb Code    20  stm32f4xx_rcc.o(.text)
    RCC_PCLK1Config                          0x08000dad   Thumb Code    20  stm32f4xx_rcc.o(.text)
    RCC_PCLK2Config                          0x08000dc1   Thumb Code    22  stm32f4xx_rcc.o(.text)
    RCC_GetClocksFreq                        0x08000dd7   Thumb Code   222  stm32f4xx_rcc.o(.text)
    RCC_RTCCLKConfig                         0x08000eb5   Thumb Code    54  stm32f4xx_rcc.o(.text)
    RCC_RTCCLKCmd                            0x08000eeb   Thumb Code     8  stm32f4xx_rcc.o(.text)
    RCC_BackupResetCmd                       0x08000ef3   Thumb Code     8  stm32f4xx_rcc.o(.text)
    RCC_I2SCLKConfig                         0x08000efb   Thumb Code     6  stm32f4xx_rcc.o(.text)
    RCC_AHB1PeriphClockCmd                   0x08000f01   Thumb Code    34  stm32f4xx_rcc.o(.text)
    RCC_AHB2PeriphClockCmd                   0x08000f23   Thumb Code    34  stm32f4xx_rcc.o(.text)
    RCC_AHB3PeriphClockCmd                   0x08000f45   Thumb Code    34  stm32f4xx_rcc.o(.text)
    RCC_APB1PeriphClockCmd                   0x08000f67   Thumb Code    34  stm32f4xx_rcc.o(.text)
    RCC_APB2PeriphClockCmd                   0x08000f89   Thumb Code    34  stm32f4xx_rcc.o(.text)
    RCC_AHB1PeriphResetCmd                   0x08000fab   Thumb Code    34  stm32f4xx_rcc.o(.text)
    RCC_AHB2PeriphResetCmd                   0x08000fcd   Thumb Code    72  stm32f4xx_rcc.o(.text)
    RCC_AHB3PeriphResetCmd                   0x08001015   Thumb Code    34  stm32f4xx_rcc.o(.text)
    RCC_APB1PeriphResetCmd                   0x08001037   Thumb Code    34  stm32f4xx_rcc.o(.text)
    RCC_APB2PeriphResetCmd                   0x08001059   Thumb Code    34  stm32f4xx_rcc.o(.text)
    RCC_AHB1PeriphClockLPModeCmd             0x0800107b   Thumb Code    34  stm32f4xx_rcc.o(.text)
    RCC_AHB2PeriphClockLPModeCmd             0x0800109d   Thumb Code    34  stm32f4xx_rcc.o(.text)
    RCC_AHB3PeriphClockLPModeCmd             0x080010bf   Thumb Code    34  stm32f4xx_rcc.o(.text)
    RCC_APB1PeriphClockLPModeCmd             0x080010e1   Thumb Code    34  stm32f4xx_rcc.o(.text)
    RCC_APB2PeriphClockLPModeCmd             0x08001103   Thumb Code    34  stm32f4xx_rcc.o(.text)
    RCC_ITConfig                             0x08001125   Thumb Code    34  stm32f4xx_rcc.o(.text)
    RCC_ClearFlag                            0x08001147   Thumb Code    18  stm32f4xx_rcc.o(.text)
    RCC_GetITStatus                          0x08001159   Thumb Code    22  stm32f4xx_rcc.o(.text)
    RCC_ClearITPendingBit                    0x0800116f   Thumb Code     8  stm32f4xx_rcc.o(.text)
    GPIO_DeInit                              0x0800117d   Thumb Code   220  stm32f4xx_gpio.o(.text)
    GPIO_Init                                0x08001259   Thumb Code   144  stm32f4xx_gpio.o(.text)
    GPIO_StructInit                          0x080012e9   Thumb Code    18  stm32f4xx_gpio.o(.text)
    GPIO_PinLockConfig                       0x080012fb   Thumb Code    34  stm32f4xx_gpio.o(.text)
    GPIO_ReadInputDataBit                    0x0800131d   Thumb Code    18  stm32f4xx_gpio.o(.text)
    GPIO_ReadInputData                       0x0800132f   Thumb Code     8  stm32f4xx_gpio.o(.text)
    GPIO_ReadOutputDataBit                   0x08001337   Thumb Code    18  stm32f4xx_gpio.o(.text)
    GPIO_ReadOutputData                      0x08001349   Thumb Code     8  stm32f4xx_gpio.o(.text)
    GPIO_SetBits                             0x08001351   Thumb Code     4  stm32f4xx_gpio.o(.text)
    GPIO_ResetBits                           0x08001355   Thumb Code     4  stm32f4xx_gpio.o(.text)
    GPIO_WriteBit                            0x08001359   Thumb Code    10  stm32f4xx_gpio.o(.text)
    GPIO_Write                               0x08001363   Thumb Code     4  stm32f4xx_gpio.o(.text)
    GPIO_ToggleBits                          0x08001367   Thumb Code     8  stm32f4xx_gpio.o(.text)
    GPIO_PinAFConfig                         0x0800136f   Thumb Code    70  stm32f4xx_gpio.o(.text)
    USART_DeInit                             0x080013d9   Thumb Code   156  stm32f4xx_usart.o(.text)
    USART_Init                               0x08001475   Thumb Code   204  stm32f4xx_usart.o(.text)
    USART_StructInit                         0x08001541   Thumb Code    24  stm32f4xx_usart.o(.text)
    USART_ClockInit                          0x08001559   Thumb Code    32  stm32f4xx_usart.o(.text)
    USART_ClockStructInit                    0x08001579   Thumb Code    12  stm32f4xx_usart.o(.text)
    USART_Cmd                                0x08001585   Thumb Code    24  stm32f4xx_usart.o(.text)
    USART_SetPrescaler                       0x0800159d   Thumb Code    16  stm32f4xx_usart.o(.text)
    USART_OverSampling8Cmd                   0x080015ad   Thumb Code    22  stm32f4xx_usart.o(.text)
    USART_OneBitMethodCmd                    0x080015c3   Thumb Code    24  stm32f4xx_usart.o(.text)
    USART_SendData                           0x080015db   Thumb Code     8  stm32f4xx_usart.o(.text)
    USART_ReceiveData                        0x080015e3   Thumb Code    10  stm32f4xx_usart.o(.text)
    USART_SetAddress                         0x080015ed   Thumb Code    18  stm32f4xx_usart.o(.text)
    USART_ReceiverWakeUpCmd                  0x080015ff   Thumb Code    24  stm32f4xx_usart.o(.text)
    USART_WakeUpConfig                       0x08001617   Thumb Code    18  stm32f4xx_usart.o(.text)
    USART_LINBreakDetectLengthConfig         0x08001629   Thumb Code    18  stm32f4xx_usart.o(.text)
    USART_LINCmd                             0x0800163b   Thumb Code    24  stm32f4xx_usart.o(.text)
    USART_SendBreak                          0x08001653   Thumb Code    10  stm32f4xx_usart.o(.text)
    USART_HalfDuplexCmd                      0x0800165d   Thumb Code    24  stm32f4xx_usart.o(.text)
    USART_SetGuardTime                       0x08001675   Thumb Code    16  stm32f4xx_usart.o(.text)
    USART_SmartCardCmd                       0x08001685   Thumb Code    24  stm32f4xx_usart.o(.text)
    USART_SmartCardNACKCmd                   0x0800169d   Thumb Code    24  stm32f4xx_usart.o(.text)
    USART_IrDAConfig                         0x080016b5   Thumb Code    18  stm32f4xx_usart.o(.text)
    USART_IrDACmd                            0x080016c7   Thumb Code    24  stm32f4xx_usart.o(.text)
    USART_DMACmd                             0x080016df   Thumb Code    18  stm32f4xx_usart.o(.text)
    USART_ITConfig                           0x080016f1   Thumb Code    74  stm32f4xx_usart.o(.text)
    USART_GetFlagStatus                      0x0800173b   Thumb Code    26  stm32f4xx_usart.o(.text)
    USART_ClearFlag                          0x08001755   Thumb Code    18  stm32f4xx_usart.o(.text)
    USART_GetITStatus                        0x08001767   Thumb Code   110  stm32f4xx_usart.o(.text)
    USART_ClearITPendingBit                  0x080017d5   Thumb Code    30  stm32f4xx_usart.o(.text)
    SystemInit                               0x080018d1   Thumb Code    88  system_stm32f4xx.o(.text)
    SystemCoreClockUpdate                    0x08001929   Thumb Code   174  system_stm32f4xx.o(.text)
    Reset_Handler                            0x08001a05   Thumb Code     8  startup_stm32f4xx.o(.text)
    ADC_IRQHandler                           0x08001a1f   Thumb Code     0  startup_stm32f4xx.o(.text)
    CAN1_RX0_IRQHandler                      0x08001a1f   Thumb Code     0  startup_stm32f4xx.o(.text)
    CAN1_RX1_IRQHandler                      0x08001a1f   Thumb Code     0  startup_stm32f4xx.o(.text)
    CAN1_SCE_IRQHandler                      0x08001a1f   Thumb Code     0  startup_stm32f4xx.o(.text)
    CAN1_TX_IRQHandler                       0x08001a1f   Thumb Code     0  startup_stm32f4xx.o(.text)
    CAN2_RX0_IRQHandler                      0x08001a1f   Thumb Code     0  startup_stm32f4xx.o(.text)
    CAN2_RX1_IRQHandler                      0x08001a1f   Thumb Code     0  startup_stm32f4xx.o(.text)
    CAN2_SCE_IRQHandler                      0x08001a1f   Thumb Code     0  startup_stm32f4xx.o(.text)
    CAN2_TX_IRQHandler                       0x08001a1f   Thumb Code     0  startup_stm32f4xx.o(.text)
    CRYP_IRQHandler                          0x08001a1f   Thumb Code     0  startup_stm32f4xx.o(.text)
    DCMI_IRQHandler                          0x08001a1f   Thumb Code     0  startup_stm32f4xx.o(.text)
    DMA1_Stream0_IRQHandler                  0x08001a1f   Thumb Code     0  startup_stm32f4xx.o(.text)
    DMA1_Stream1_IRQHandler                  0x08001a1f   Thumb Code     0  startup_stm32f4xx.o(.text)
    DMA1_Stream3_IRQHandler                  0x08001a1f   Thumb Code     0  startup_stm32f4xx.o(.text)
    DMA1_Stream5_IRQHandler                  0x08001a1f   Thumb Code     0  startup_stm32f4xx.o(.text)
    DMA1_Stream6_IRQHandler                  0x08001a1f   Thumb Code     0  startup_stm32f4xx.o(.text)
    DMA1_Stream7_IRQHandler                  0x08001a1f   Thumb Code     0  startup_stm32f4xx.o(.text)
    DMA2_Stream0_IRQHandler                  0x08001a1f   Thumb Code     0  startup_stm32f4xx.o(.text)
    DMA2_Stream1_IRQHandler                  0x08001a1f   Thumb Code     0  startup_stm32f4xx.o(.text)
    DMA2_Stream2_IRQHandler                  0x08001a1f   Thumb Code     0  startup_stm32f4xx.o(.text)
    DMA2_Stream3_IRQHandler                  0x08001a1f   Thumb Code     0  startup_stm32f4xx.o(.text)
    DMA2_Stream4_IRQHandler                  0x08001a1f   Thumb Code     0  startup_stm32f4xx.o(.text)
    DMA2_Stream5_IRQHandler                  0x08001a1f   Thumb Code     0  startup_stm32f4xx.o(.text)
    DMA2_Stream6_IRQHandler                  0x08001a1f   Thumb Code     0  startup_stm32f4xx.o(.text)
    DMA2_Stream7_IRQHandler                  0x08001a1f   Thumb Code     0  startup_stm32f4xx.o(.text)
    ETH_IRQHandler                           0x08001a1f   Thumb Code     0  startup_stm32f4xx.o(.text)
    ETH_WKUP_IRQHandler                      0x08001a1f   Thumb Code     0  startup_stm32f4xx.o(.text)
    EXTI0_IRQHandler                         0x08001a1f   Thumb Code     0  startup_stm32f4xx.o(.text)
    EXTI15_10_IRQHandler                     0x08001a1f   Thumb Code     0  startup_stm32f4xx.o(.text)
    EXTI1_IRQHandler                         0x08001a1f   Thumb Code     0  startup_stm32f4xx.o(.text)
    EXTI2_IRQHandler                         0x08001a1f   Thumb Code     0  startup_stm32f4xx.o(.text)
    EXTI3_IRQHandler                         0x08001a1f   Thumb Code     0  startup_stm32f4xx.o(.text)
    EXTI4_IRQHandler                         0x08001a1f   Thumb Code     0  startup_stm32f4xx.o(.text)
    EXTI9_5_IRQHandler                       0x08001a1f   Thumb Code     0  startup_stm32f4xx.o(.text)
    FLASH_IRQHandler                         0x08001a1f   Thumb Code     0  startup_stm32f4xx.o(.text)
    FPU_IRQHandler                           0x08001a1f   Thumb Code     0  startup_stm32f4xx.o(.text)
    FSMC_IRQHandler                          0x08001a1f   Thumb Code     0  startup_stm32f4xx.o(.text)
    HASH_RNG_IRQHandler                      0x08001a1f   Thumb Code     0  startup_stm32f4xx.o(.text)
    I2C1_ER_IRQHandler                       0x08001a1f   Thumb Code     0  startup_stm32f4xx.o(.text)
    I2C1_EV_IRQHandler                       0x08001a1f   Thumb Code     0  startup_stm32f4xx.o(.text)
    I2C2_ER_IRQHandler                       0x08001a1f   Thumb Code     0  startup_stm32f4xx.o(.text)
    I2C2_EV_IRQHandler                       0x08001a1f   Thumb Code     0  startup_stm32f4xx.o(.text)
    I2C3_ER_IRQHandler                       0x08001a1f   Thumb Code     0  startup_stm32f4xx.o(.text)
    I2C3_EV_IRQHandler                       0x08001a1f   Thumb Code     0  startup_stm32f4xx.o(.text)
    OTG_FS_IRQHandler                        0x08001a1f   Thumb Code     0  startup_stm32f4xx.o(.text)
    OTG_FS_WKUP_IRQHandler                   0x08001a1f   Thumb Code     0  startup_stm32f4xx.o(.text)
    OTG_HS_EP1_IN_IRQHandler                 0x08001a1f   Thumb Code     0  startup_stm32f4xx.o(.text)
    OTG_HS_EP1_OUT_IRQHandler                0x08001a1f   Thumb Code     0  startup_stm32f4xx.o(.text)
    OTG_HS_IRQHandler                        0x08001a1f   Thumb Code     0  startup_stm32f4xx.o(.text)
    OTG_HS_WKUP_IRQHandler                   0x08001a1f   Thumb Code     0  startup_stm32f4xx.o(.text)
    PVD_IRQHandler                           0x08001a1f   Thumb Code     0  startup_stm32f4xx.o(.text)
    RCC_IRQHandler                           0x08001a1f   Thumb Code     0  startup_stm32f4xx.o(.text)
    RTC_Alarm_IRQHandler                     0x08001a1f   Thumb Code     0  startup_stm32f4xx.o(.text)
    RTC_WKUP_IRQHandler                      0x08001a1f   Thumb Code     0  startup_stm32f4xx.o(.text)
    SDIO_IRQHandler                          0x08001a1f   Thumb Code     0  startup_stm32f4xx.o(.text)
    SPI1_IRQHandler                          0x08001a1f   Thumb Code     0  startup_stm32f4xx.o(.text)
    SPI2_IRQHandler                          0x08001a1f   Thumb Code     0  startup_stm32f4xx.o(.text)
    SPI3_IRQHandler                          0x08001a1f   Thumb Code     0  startup_stm32f4xx.o(.text)
    TAMP_STAMP_IRQHandler                    0x08001a1f   Thumb Code     0  startup_stm32f4xx.o(.text)
    TIM1_BRK_TIM9_IRQHandler                 0x08001a1f   Thumb Code     0  startup_stm32f4xx.o(.text)
    TIM1_CC_IRQHandler                       0x08001a1f   Thumb Code     0  startup_stm32f4xx.o(.text)
    TIM1_TRG_COM_TIM11_IRQHandler            0x08001a1f   Thumb Code     0  startup_stm32f4xx.o(.text)
    TIM1_UP_TIM10_IRQHandler                 0x08001a1f   Thumb Code     0  startup_stm32f4xx.o(.text)
    TIM2_IRQHandler                          0x08001a1f   Thumb Code     0  startup_stm32f4xx.o(.text)
    TIM3_IRQHandler                          0x08001a1f   Thumb Code     0  startup_stm32f4xx.o(.text)
    TIM4_IRQHandler                          0x08001a1f   Thumb Code     0  startup_stm32f4xx.o(.text)
    TIM5_IRQHandler                          0x08001a1f   Thumb Code     0  startup_stm32f4xx.o(.text)
    TIM6_DAC_IRQHandler                      0x08001a1f   Thumb Code     0  startup_stm32f4xx.o(.text)
    TIM7_IRQHandler                          0x08001a1f   Thumb Code     0  startup_stm32f4xx.o(.text)
    TIM8_BRK_TIM12_IRQHandler                0x08001a1f   Thumb Code     0  startup_stm32f4xx.o(.text)
    TIM8_CC_IRQHandler                       0x08001a1f   Thumb Code     0  startup_stm32f4xx.o(.text)
    TIM8_TRG_COM_TIM14_IRQHandler            0x08001a1f   Thumb Code     0  startup_stm32f4xx.o(.text)
    TIM8_UP_TIM13_IRQHandler                 0x08001a1f   Thumb Code     0  startup_stm32f4xx.o(.text)
    UART4_IRQHandler                         0x08001a1f   Thumb Code     0  startup_stm32f4xx.o(.text)
    UART5_IRQHandler                         0x08001a1f   Thumb Code     0  startup_stm32f4xx.o(.text)
    USART2_IRQHandler                        0x08001a1f   Thumb Code     0  startup_stm32f4xx.o(.text)
    USART3_IRQHandler                        0x08001a1f   Thumb Code     0  startup_stm32f4xx.o(.text)
    USART6_IRQHandler                        0x08001a1f   Thumb Code     0  startup_stm32f4xx.o(.text)
    WWDG_IRQHandler                          0x08001a1f   Thumb Code     0  startup_stm32f4xx.o(.text)
    __scatterload                            0x08001a29   Thumb Code    28  init.o(.text)
    __scatterload_rt2                        0x08001a29   Thumb Code     0  init.o(.text)
    __scatterload_copy                       0x08001a4d   Thumb Code    14  handlers.o(i.__scatterload_copy)
    __scatterload_null                       0x08001a5b   Thumb Code     2  handlers.o(i.__scatterload_null)
    __scatterload_zeroinit                   0x08001a5d   Thumb Code    14  handlers.o(i.__scatterload_zeroinit)
    F6x8                                     0x08001a6a   Data         552  oled.o(.constdata)
    F8X16                                    0x08001c92   Data        1520  oled.o(.constdata)
    Region$$Table$$Base                      0x08002284   Number         0  anon$$obj.o(Region$$Table)
    Region$$Table$$Limit                     0x080022a4   Number         0  anon$$obj.o(Region$$Table)
    tx_buff                                  0x20000000   Data           5  main.o(.data)
    SystemCoreClock                          0x20000018   Data           4  system_stm32f4xx.o(.data)
    AHBPrescTable                            0x2000001c   Data          16  system_stm32f4xx.o(.data)
    ch_data                                  0x2000002c   Data          16  main.o(.bss)
    rx_buff                                  0x2000003c   Data          32  main.o(.bss)
    __initial_sp                             0x20000460   Data           0  startup_stm32f4xx.o(STACK)



==============================================================================

Memory Map of the image

  Image Entry point : 0x08000189

  Load Region LR_IROM1 (Base: 0x08000000, Size: 0x000022d0, Max: 0x00100000, ABSOLUTE)

    Execution Region ER_IROM1 (Exec base: 0x08000000, Load base: 0x08000000, Size: 0x000022a4, Max: 0x00100000, ABSOLUTE)

    Exec Addr    Load Addr    Size         Type   Attr      Idx    E Section Name        Object

    0x08000000   0x08000000   0x00000188   Data   RO          419    RESET               startup_stm32f4xx.o
    0x08000188   0x08000188   0x00000000   Code   RO          550  * .ARM.Collect$$$$00000000  mc_w.l(entry.o)
    0x08000188   0x08000188   0x00000004   Code   RO          553    .ARM.Collect$$$$00000001  mc_w.l(entry2.o)
    0x0800018c   0x0800018c   0x00000004   Code   RO          556    .ARM.Collect$$$$00000004  mc_w.l(entry5.o)
    0x08000190   0x08000190   0x00000000   Code   RO          558    .ARM.Collect$$$$00000008  mc_w.l(entry7b.o)
    0x08000190   0x08000190   0x00000000   Code   RO          560    .ARM.Collect$$$$0000000A  mc_w.l(entry8b.o)
    0x08000190   0x08000190   0x00000008   Code   RO          561    .ARM.Collect$$$$0000000B  mc_w.l(entry9a.o)
    0x08000198   0x08000198   0x00000000   Code   RO          563    .ARM.Collect$$$$0000000D  mc_w.l(entry10a.o)
    0x08000198   0x08000198   0x00000000   Code   RO          565    .ARM.Collect$$$$0000000F  mc_w.l(entry11a.o)
    0x08000198   0x08000198   0x00000004   Code   RO          554    .ARM.Collect$$$$00002712  mc_w.l(entry2.o)
    0x0800019c   0x0800019c   0x000002cc   Code   RO            4    .text               main.o
    0x08000468   0x08000468   0x0000001e   Code   RO          112    .text               stm32f4xx_it.o
    0x08000486   0x08000486   0x00000036   Code   RO          142    .text               delay.o
    0x080004bc   0x080004bc   0x00000658   Code   RO          166    .text               oled.o
    0x08000b14   0x08000b14   0x000000e0   Code   RO          196    .text               misc.o
    0x08000bf4   0x08000bf4   0x00000588   Code   RO          244    .text               stm32f4xx_rcc.o
    0x0800117c   0x0800117c   0x0000025c   Code   RO          318    .text               stm32f4xx_gpio.o
    0x080013d8   0x080013d8   0x0000041a   Code   RO          342    .text               stm32f4xx_usart.o
    0x080017f2   0x080017f2   0x00000002   PAD
    0x080017f4   0x080017f4   0x00000210   Code   RO          390    .text               system_stm32f4xx.o
    0x08001a04   0x08001a04   0x00000024   Code   RO          420    .text               startup_stm32f4xx.o
    0x08001a28   0x08001a28   0x00000024   Code   RO          567    .text               mc_w.l(init.o)
    0x08001a4c   0x08001a4c   0x0000000e   Code   RO          571    i.__scatterload_copy  mc_w.l(handlers.o)
    0x08001a5a   0x08001a5a   0x00000002   Code   RO          572    i.__scatterload_null  mc_w.l(handlers.o)
    0x08001a5c   0x08001a5c   0x0000000e   Code   RO          573    i.__scatterload_zeroinit  mc_w.l(handlers.o)
    0x08001a6a   0x08001a6a   0x00000818   Data   RO          167    .constdata          oled.o
    0x08002282   0x08002282   0x00000002   PAD
    0x08002284   0x08002284   0x00000020   Data   RO          569    Region$$Table       anon$$obj.o


    Execution Region RW_IRAM1 (Exec base: 0x20000000, Load base: 0x080022a4, Size: 0x00000460, Max: 0x00020000, ABSOLUTE)

    Exec Addr    Load Addr    Size         Type   Attr      Idx    E Section Name        Object

    0x20000000   0x080022a4   0x00000006   Data   RW            6    .data               main.o
    0x20000006   0x080022aa   0x00000010   Data   RW          245    .data               stm32f4xx_rcc.o
    0x20000016   0x080022ba   0x00000002   PAD
    0x20000018   0x080022bc   0x00000014   Data   RW          391    .data               system_stm32f4xx.o
    0x2000002c        -       0x00000030   Zero   RW            5    .bss                main.o
    0x2000005c   0x080022d0   0x00000004   PAD
    0x20000060        -       0x00000400   Zero   RW          417    STACK               startup_stm32f4xx.o


==============================================================================

Image component sizes


      Code (inc. data)   RO Data    RW Data    ZI Data      Debug   Object Name

        54          0          0          0          0        868   delay.o
       716         60          0          6         48     242498   main.o
       224         20          0          0          0       1961   misc.o
      1624         18       2072          0          0       6398   oled.o
        36          8        392          0       1024        884   startup_stm32f4xx.o
       604         36          0          0          0       4273   stm32f4xx_gpio.o
        30          0          0          0          0       1530   stm32f4xx_it.o
      1416         48          0         16          0      11259   stm32f4xx_rcc.o
      1050         26          0          0          0       8000   stm32f4xx_usart.o
       528         46          0         20          0       2063   system_stm32f4xx.o

    ----------------------------------------------------------------------
      6284        262       2498         44       1076     279734   Object Totals
         0          0         32          0          0          0   (incl. Generated)
         2          0          2          2          4          0   (incl. Padding)

    ----------------------------------------------------------------------

      Code (inc. data)   RO Data    RW Data    ZI Data      Debug   Library Member Name

         0          0          0          0          0          0   entry.o
         0          0          0          0          0          0   entry10a.o
         0          0          0          0          0          0   entry11a.o
         8          4          0          0          0          0   entry2.o
         4          0          0          0          0          0   entry5.o
         0          0          0          0          0          0   entry7b.o
         0          0          0          0          0          0   entry8b.o
         8          4          0          0          0          0   entry9a.o
        30          0          0          0          0          0   handlers.o
        36          8          0          0          0         68   init.o

    ----------------------------------------------------------------------
        86         16          0          0          0         68   Library Totals
         0          0          0          0          0          0   (incl. Padding)

    ----------------------------------------------------------------------

      Code (inc. data)   RO Data    RW Data    ZI Data      Debug   Library Name

        86         16          0          0          0         68   mc_w.l

    ----------------------------------------------------------------------
        86         16          0          0          0         68   Library Totals

    ----------------------------------------------------------------------

==============================================================================


      Code (inc. data)   RO Data    RW Data    ZI Data      Debug   

      6370        278       2498         44       1076     278506   Grand Totals
      6370        278       2498         44       1076     278506   ELF Image Totals
      6370        278       2498         44          0          0   ROM Totals

==============================================================================

    Total RO  Size (Code + RO Data)                 8868 (   8.66kB)
    Total RW  Size (RW Data + ZI Data)              1120 (   1.09kB)
    Total ROM Size (Code + RO Data + RW Data)       8912 (   8.70kB)

==============================================================================

