Component: ARM Compiler 5.05 update 1 (build 106) Tool: armlink [4d0efa]

==============================================================================

Section Cross References

    main.o(i.Sys_Init) refers to delay.o(i.delay_init) for delay_init
    main.o(i.Sys_Init) refers to usart.o(i.uart_init) for uart_init
    main.o(i.Sys_Init) refers to fdc2214.o(i.FDC2214_Init) for FDC2214_Init
    main.o(i.Sys_Init) refers to delay.o(i.delay_ms) for delay_ms
    main.o(i.Sys_Init) refers to fdc2214.o(i.Cap_Calculate) for Cap_Calculate
    main.o(i.Sys_Init) refers to timer.o(i.TIM5_Ctrl_Init) for TIM5_Ctrl_Init
    main.o(i.Sys_Init) refers to main.o(.bss) for temp
    main.o(i.TIM5_IRQHandler) refers to fdc2214.o(i.Cap_Calculate) for Cap_Calculate
    main.o(i.TIM5_IRQHandler) refers to main.o(.bss) for res
    main.o(i.data_process) refers to faddsub_clz.o(x$fpl$fsub) for __aeabi_fsub
    main.o(i.data_process) refers to fmul.o(x$fpl$fmul) for __aeabi_fmul
    main.o(i.data_process) refers to ffix.o(x$fpl$ffix) for __aeabi_f2iz
    main.o(i.data_process) refers to main.o(.bss) for temp
    main.o(i.data_process) refers to main.o(.data) for val_sum
    main.o(i.main) refers to main.o(i.Sys_Init) for Sys_Init
    main.o(i.main) refers to led.o(i.led_init) for led_init
    main.o(i.main) refers to key.o(i.key_init) for key_init
    main.o(i.main) refers to duoji.o(i.duoji_init) for duoji_init
    main.o(i.main) refers to duoji.o(i.dj_mid) for dj_mid
    main.o(i.main) refers to key.o(i.key_scan) for key_scan
    main.o(i.main) refers to duoji.o(i.dj_change) for dj_change
    main.o(i.main) refers to main.o(i.mode_num) for mode_num
    main.o(i.main) refers to main.o(i.mode_mora) for mode_mora
    main.o(i.main) refers to main.o(i.mode_pk) for mode_pk
    main.o(i.main) refers to main.o(i.mode_vs) for mode_vs
    main.o(i.main) refers to main.o(i.mode_learn) for mode_learn
    main.o(i.mode_learn) refers to main.o(i.data_process) for data_process
    main.o(i.mode_learn) refers to duoji.o(i.dj_learn) for dj_learn
    main.o(i.mode_learn) refers to key.o(i.key_scan) for key_scan
    main.o(i.mode_learn) refers to main.o(i.delay) for delay
    main.o(i.mode_learn) refers to duoji.o(i.one) for one
    main.o(i.mode_learn) refers to duoji.o(i.two) for two
    main.o(i.mode_learn) refers to duoji.o(i.three) for three
    main.o(i.mode_learn) refers to main.o(.data) for val_sum
    main.o(i.mode_mora) refers to main.o(i.data_process) for data_process
    main.o(i.mode_mora) refers to duoji.o(i.dj_mora) for dj_mora
    main.o(i.mode_mora) refers to delay.o(i.delay_us) for delay_us
    main.o(i.mode_mora) refers to duoji.o(i.one) for one
    main.o(i.mode_mora) refers to duoji.o(i.two) for two
    main.o(i.mode_mora) refers to duoji.o(i.three) for three
    main.o(i.mode_mora) refers to main.o(.data) for val_sum
    main.o(i.mode_num) refers to main.o(i.data_process) for data_process
    main.o(i.mode_num) refers to duoji.o(i.dj_num) for dj_num
    main.o(i.mode_num) refers to delay.o(i.delay_us) for delay_us
    main.o(i.mode_num) refers to duoji.o(i.dj_num_1) for dj_num_1
    main.o(i.mode_num) refers to duoji.o(i.one) for one
    main.o(i.mode_num) refers to duoji.o(i.two) for two
    main.o(i.mode_num) refers to duoji.o(i.three) for three
    main.o(i.mode_num) refers to duoji.o(i.dj_num_2) for dj_num_2
    main.o(i.mode_num) refers to main.o(.data) for val_sum
    main.o(i.mode_num) refers to main.o(.bss) for val_channel
    main.o(i.mode_pk) refers to main.o(i.data_process) for data_process
    main.o(i.mode_pk) refers to duoji.o(i.dj_pk) for dj_pk
    main.o(i.mode_pk) refers to delay.o(i.delay_us) for delay_us
    main.o(i.mode_pk) refers to main.o(i.delay) for delay
    main.o(i.mode_pk) refers to rand.o(.emb_text) for rand
    main.o(i.mode_pk) refers to duoji.o(i.three) for three
    main.o(i.mode_pk) refers to duoji.o(i.one) for one
    main.o(i.mode_pk) refers to duoji.o(i.two) for two
    main.o(i.mode_pk) refers to main.o(.data) for val_sum
    main.o(i.mode_vs) refers to main.o(i.data_process) for data_process
    main.o(i.mode_vs) refers to duoji.o(i.dj_vs) for dj_vs
    main.o(i.mode_vs) refers to main.o(i.delay) for delay
    main.o(i.mode_vs) refers to key.o(i.key_scan) for key_scan
    main.o(i.mode_vs) refers to duoji.o(i.one) for one
    main.o(i.mode_vs) refers to duoji.o(i.two) for two
    main.o(i.mode_vs) refers to duoji.o(i.three) for three
    main.o(i.mode_vs) refers to main.o(.data) for val_sum
    system_stm32f10x.o(i.SetSysClock) refers to system_stm32f10x.o(i.SetSysClockTo72) for SetSysClockTo72
    system_stm32f10x.o(i.SystemCoreClockUpdate) refers to system_stm32f10x.o(.data) for SystemCoreClock
    system_stm32f10x.o(i.SystemInit) refers to system_stm32f10x.o(i.SetSysClock) for SetSysClock
    delay.o(i.delay_init) refers to misc.o(i.SysTick_CLKSourceConfig) for SysTick_CLKSourceConfig
    delay.o(i.delay_init) refers to system_stm32f10x.o(.data) for SystemCoreClock
[...]
    Removing stm32f10x_i2c.o(i.I2C_OwnAddress2Config), (22 bytes).
    Removing stm32f10x_i2c.o(i.I2C_PECPositionConfig), (28 bytes).
    Removing stm32f10x_i2c.o(i.I2C_ReadRegister), (22 bytes).
    Removing stm32f10x_i2c.o(i.I2C_ReceiveData), (8 bytes).
    Removing stm32f10x_i2c.o(i.I2C_SMBusAlertConfig), (28 bytes).
    Removing stm32f10x_i2c.o(i.I2C_Send7bitAddress), (18 bytes).
    Removing stm32f10x_i2c.o(i.I2C_SendData), (4 bytes).
    Removing stm32f10x_i2c.o(i.I2C_SoftwareResetCmd), (22 bytes).
    Removing stm32f10x_i2c.o(i.I2C_StretchClockCmd), (24 bytes).
    Removing stm32f10x_i2c.o(i.I2C_StructInit), (30 bytes).
    Removing stm32f10x_i2c.o(i.I2C_TransmitPEC), (24 bytes).
    Removing stm32f10x_iwdg.o(i.IWDG_Enable), (16 bytes).
    Removing stm32f10x_iwdg.o(i.IWDG_GetFlagStatus), (24 bytes).
    Removing stm32f10x_iwdg.o(i.IWDG_ReloadCounter), (16 bytes).
    Removing stm32f10x_iwdg.o(i.IWDG_SetPrescaler), (12 bytes).
    Removing stm32f10x_iwdg.o(i.IWDG_SetReload), (12 bytes).
    Removing stm32f10x_iwdg.o(i.IWDG_WriteAccessCmd), (12 bytes).
    Removing stm32f10x_pwr.o(i.PWR_BackupAccessCmd), (12 bytes).
    Removing stm32f10x_pwr.o(i.PWR_ClearFlag), (20 bytes).
    Removing stm32f10x_pwr.o(i.PWR_DeInit), (22 bytes).
    Removing stm32f10x_pwr.o(i.PWR_EnterSTANDBYMode), (52 bytes).
    Removing stm32f10x_pwr.o(i.PWR_EnterSTOPMode), (64 bytes).
    Removing stm32f10x_pwr.o(i.PWR_GetFlagStatus), (24 bytes).
    Removing stm32f10x_pwr.o(i.PWR_PVDCmd), (12 bytes).
    Removing stm32f10x_pwr.o(i.PWR_PVDLevelConfig), (24 bytes).
    Removing stm32f10x_pwr.o(i.PWR_WakeUpPinCmd), (12 bytes).
    Removing stm32f10x_rcc.o(i.RCC_ADCCLKConfig), (24 bytes).
    Removing stm32f10x_rcc.o(i.RCC_AHBPeriphClockCmd), (32 bytes).
    Removing stm32f10x_rcc.o(i.RCC_APB1PeriphResetCmd), (32 bytes).
    Removing stm32f10x_rcc.o(i.RCC_APB2PeriphResetCmd), (32 bytes).
    Removing stm32f10x_rcc.o(i.RCC_AdjustHSICalibrationValue), (24 bytes).
    Removing stm32f10x_rcc.o(i.RCC_BackupResetCmd), (12 bytes).
    Removing stm32f10x_rcc.o(i.RCC_ClearFlag), (20 bytes).
    Removing stm32f10x_rcc.o(i.RCC_ClearITPendingBit), (12 bytes).
    Removing stm32f10x_rcc.o(i.RCC_ClockSecuritySystemCmd), (12 bytes).
    Removing stm32f10x_rcc.o(i.RCC_DeInit), (76 bytes).
    Removing stm32f10x_rcc.o(i.RCC_GetFlagStatus), (60 bytes).
    Removing stm32f10x_rcc.o(i.RCC_GetITStatus), (24 bytes).
    Removing stm32f10x_rcc.o(i.RCC_GetSYSCLKSource), (16 bytes).
    Removing stm32f10x_rcc.o(i.RCC_HCLKConfig), (24 bytes).
    Removing stm32f10x_rcc.o(i.RCC_HSEConfig), (76 bytes).
    Removing stm32f10x_rcc.o(i.RCC_HSICmd), (12 bytes).
    Removing stm32f10x_rcc.o(i.RCC_ITConfig), (32 bytes).
    Removing stm32f10x_rcc.o(i.RCC_LSEConfig), (52 bytes).
    Removing stm32f10x_rcc.o(i.RCC_LSICmd), (12 bytes).
    Removing stm32f10x_rcc.o(i.RCC_MCOConfig), (12 bytes).
    Removing stm32f10x_rcc.o(i.RCC_PCLK1Config), (24 bytes).
    Removing stm32f10x_rcc.o(i.RCC_PCLK2Config), (24 bytes).
    Removing stm32f10x_rcc.o(i.RCC_PLLCmd), (12 bytes).
    Removing stm32f10x_rcc.o(i.RCC_PLLConfig), (28 bytes).
    Removing stm32f10x_rcc.o(i.RCC_RTCCLKCmd), (12 bytes).
    Removing stm32f10x_rcc.o(i.RCC_RTCCLKConfig), (16 bytes).
    Removing stm32f10x_rcc.o(i.RCC_SYSCLKConfig), (24 bytes).
    Removing stm32f10x_rcc.o(i.RCC_USBCLKConfig), (12 bytes).
    Removing stm32f10x_rcc.o(i.RCC_WaitForHSEStartUp), (56 bytes).
    Removing stm32f10x_rtc.o(i.RTC_ClearFlag), (16 bytes).
    Removing stm32f10x_rtc.o(i.RTC_ClearITPendingBit), (16 bytes).
    Removing stm32f10x_rtc.o(i.RTC_EnterConfigMode), (20 bytes).
    Removing stm32f10x_rtc.o(i.RTC_ExitConfigMode), (20 bytes).
    Removing stm32f10x_rtc.o(i.RTC_GetCounter), (20 bytes).
    Removing stm32f10x_rtc.o(i.RTC_GetDivider), (24 bytes).
    Removing stm32f10x_rtc.o(i.RTC_GetFlagStatus), (24 bytes).
    Removing stm32f10x_rtc.o(i.RTC_GetITStatus), (36 bytes).
    Removing stm32f10x_rtc.o(i.RTC_ITConfig), (32 bytes).
    Removing stm32f10x_rtc.o(i.RTC_SetAlarm), (28 bytes).
    Removing stm32f10x_rtc.o(i.RTC_SetCounter), (28 bytes).
    Removing stm32f10x_rtc.o(i.RTC_SetPrescaler), (32 bytes).
    Removing stm32f10x_rtc.o(i.RTC_WaitForLastTask), (20 bytes).
    Removing stm32f10x_rtc.o(i.RTC_WaitForSynchro), (36 bytes).
    Removing stm32f10x_sdio.o(i.SDIO_CEATAITCmd), (16 bytes).
    Removing stm32f10x_sdio.o(i.SDIO_ClearFlag), (12 bytes).
    Removing stm32f10x_sdio.o(i.SDIO_ClearITPendingBit), (12 bytes).
    Removing stm32f10x_sdio.o(i.SDIO_ClockCmd), (12 bytes).
    Removing stm32f10x_sdio.o(i.SDIO_CmdStructInit), (14 bytes).
    Removing stm32f10x_sdio.o(i.SDIO_CommandCompletionCmd), (12 bytes).
    Removing stm32f10x_sdio.o(i.SDIO_DMACmd), (12 bytes).
    Removing stm32f10x_sdio.o(i.SDIO_DataConfig), (48 bytes).
    Removing stm32f10x_sdio.o(i.SDIO_DataStructInit), (20 bytes).
    Removing stm32f10x_sdio.o(i.SDIO_DeInit), (36 bytes).
    Removing stm32f10x_sdio.o(i.SDIO_GetCommandResponse), (12 bytes).
    Removing stm32f10x_sdio.o(i.SDIO_GetDataCounter), (12 bytes).
    Removing stm32f10x_sdio.o(i.SDIO_GetFIFOCount), (12 bytes).
    Removing stm32f10x_sdio.o(i.SDIO_GetFlagStatus), (24 bytes).
    Removing stm32f10x_sdio.o(i.SDIO_GetITStatus), (24 bytes).
    Removing stm32f10x_sdio.o(i.SDIO_GetPowerState), (16 bytes).
    Removing stm32f10x_sdio.o(i.SDIO_GetResponse), (24 bytes).
    Removing stm32f10x_sdio.o(i.SDIO_ITConfig), (32 bytes).
    Removing stm32f10x_sdio.o(i.SDIO_Init), (48 bytes).
    Removing stm32f10x_sdio.o(i.SDIO_ReadData), (12 bytes).
    Removing stm32f10x_sdio.o(i.SDIO_SendCEATACmd), (12 bytes).
    Removing stm32f10x_sdio.o(i.SDIO_SendCommand), (44 bytes).
    Removing stm32f10x_sdio.o(i.SDIO_SendSDIOSuspendCmd), (12 bytes).
    Removing stm32f10x_sdio.o(i.SDIO_SetPowerState), (28 bytes).
    Removing stm32f10x_sdio.o(i.SDIO_SetSDIOOperation), (12 bytes).
    Removing stm32f10x_sdio.o(i.SDIO_SetSDIOReadWaitMode), (12 bytes).
    Removing stm32f10x_sdio.o(i.SDIO_StartSDIOReadWait), (12 bytes).
    Removing stm32f10x_sdio.o(i.SDIO_StopSDIOReadWait), (12 bytes).
    Removing stm32f10x_sdio.o(i.SDIO_StructInit), (16 bytes).
    Removing stm32f10x_sdio.o(i.SDIO_WriteData), (12 bytes).
    Removing stm32f10x_spi.o(i.I2S_Cmd), (24 bytes).
    Removing stm32f10x_spi.o(i.I2S_Init), (232 bytes).
    Removing stm32f10x_spi.o(i.I2S_StructInit), (20 bytes).
    Removing stm32f10x_spi.o(i.SPI_BiDirectionalLineConfig), (28 bytes).
    Removing stm32f10x_spi.o(i.SPI_CalculateCRC), (24 bytes).
    Removing stm32f10x_spi.o(i.SPI_Cmd), (24 bytes).
    Removing stm32f10x_spi.o(i.SPI_DataSizeConfig), (18 bytes).
    Removing stm32f10x_spi.o(i.SPI_GetCRC), (16 bytes).
    Removing stm32f10x_spi.o(i.SPI_GetCRCPolynomial), (6 bytes).
    Removing stm32f10x_spi.o(i.SPI_I2S_ClearFlag), (6 bytes).
    Removing stm32f10x_spi.o(i.SPI_I2S_ClearITPendingBit), (20 bytes).
    Removing stm32f10x_spi.o(i.SPI_I2S_DMACmd), (18 bytes).
    Removing stm32f10x_spi.o(i.SPI_I2S_DeInit), (88 bytes).
    Removing stm32f10x_spi.o(i.SPI_I2S_GetFlagStatus), (18 bytes).
    Removing stm32f10x_spi.o(i.SPI_I2S_GetITStatus), (52 bytes).
    Removing stm32f10x_spi.o(i.SPI_I2S_ITConfig), (32 bytes).
    Removing stm32f10x_spi.o(i.SPI_I2S_ReceiveData), (6 bytes).
    Removing stm32f10x_spi.o(i.SPI_I2S_SendData), (4 bytes).
    Removing stm32f10x_spi.o(i.SPI_Init), (60 bytes).
    Removing stm32f10x_spi.o(i.SPI_NSSInternalSoftwareConfig), (30 bytes).
    Removing stm32f10x_spi.o(i.SPI_SSOutputCmd), (24 bytes).
    Removing stm32f10x_spi.o(i.SPI_StructInit), (24 bytes).
    Removing stm32f10x_spi.o(i.SPI_TransmitCRC), (10 bytes).
    Removing stm32f10x_tim.o(i.TI1_Config), (128 bytes).
    Removing stm32f10x_tim.o(i.TI2_Config), (152 bytes).
    Removing stm32f10x_tim.o(i.TI3_Config), (144 bytes).
    Removing stm32f10x_tim.o(i.TI4_Config), (152 bytes).
    Removing stm32f10x_tim.o(i.TIM_ARRPreloadConfig), (24 bytes).
    Removing stm32f10x_tim.o(i.TIM_BDTRConfig), (32 bytes).
    Removing stm32f10x_tim.o(i.TIM_BDTRStructInit), (18 bytes).
    Removing stm32f10x_tim.o(i.TIM_CCPreloadControl), (24 bytes).
    Removing stm32f10x_tim.o(i.TIM_CCxCmd), (30 bytes).
    Removing stm32f10x_tim.o(i.TIM_CCxNCmd), (30 bytes).
    Removing stm32f10x_tim.o(i.TIM_ClearFlag), (6 bytes).
    Removing stm32f10x_tim.o(i.TIM_ClearITPendingBit), (6 bytes).
    Removing stm32f10x_tim.o(i.TIM_ClearOC1Ref), (18 bytes).
    Removing stm32f10x_tim.o(i.TIM_ClearOC2Ref), (24 bytes).
    Removing stm32f10x_tim.o(i.TIM_ClearOC3Ref), (18 bytes).
    Removing stm32f10x_tim.o(i.TIM_ClearOC4Ref), (24 bytes).
    Removing stm32f10x_tim.o(i.TIM_CounterModeConfig), (18 bytes).
    Removing stm32f10x_tim.o(i.TIM_CtrlPWMOutputs), (30 bytes).
    Removing stm32f10x_tim.o(i.TIM_DMACmd), (18 bytes).
    Removing stm32f10x_tim.o(i.TIM_DMAConfig), (10 bytes).
    Removing stm32f10x_tim.o(i.TIM_DeInit), (488 bytes).
    Removing stm32f10x_tim.o(i.TIM_ETRClockMode1Config), (54 bytes).
    Removing stm32f10x_tim.o(i.TIM_ETRClockMode2Config), (32 bytes).
    Removing stm32f10x_tim.o(i.TIM_ETRConfig), (28 bytes).
    Removing stm32f10x_tim.o(i.TIM_EncoderInterfaceConfig), (66 bytes).
    Removing stm32f10x_tim.o(i.TIM_ForcedOC1Config), (18 bytes).
    Removing stm32f10x_tim.o(i.TIM_ForcedOC2Config), (26 bytes).
    Removing stm32f10x_tim.o(i.TIM_ForcedOC3Config), (18 bytes).
    Removing stm32f10x_tim.o(i.TIM_ForcedOC4Config), (26 bytes).
    Removing stm32f10x_tim.o(i.TIM_GenerateEvent), (4 bytes).
    Removing stm32f10x_tim.o(i.TIM_GetCapture1), (6 bytes).
    Removing stm32f10x_tim.o(i.TIM_GetCapture2), (6 bytes).
    Removing stm32f10x_tim.o(i.TIM_GetCapture3), (6 bytes).
    Removing stm32f10x_tim.o(i.TIM_GetCapture4), (8 bytes).
    Removing stm32f10x_tim.o(i.TIM_GetCounter), (6 bytes).
    Removing stm32f10x_tim.o(i.TIM_GetFlagStatus), (18 bytes).
    Removing stm32f10x_tim.o(i.TIM_GetITStatus), (34 bytes).
    Removing stm32f10x_tim.o(i.TIM_GetPrescaler), (6 bytes).
    Removing stm32f10x_tim.o(i.TIM_ICInit), (172 bytes).
    Removing stm32f10x_tim.o(i.TIM_ICStructInit), (18 bytes).
    Removing stm32f10x_tim.o(i.TIM_ITRxExternalClockConfig), (24 bytes).
    Removing stm32f10x_tim.o(i.TIM_InternalClockConfig), (12 bytes).
    Removing stm32f10x_tim.o(i.TIM_OC1FastConfig), (18 bytes).
    Removing stm32f10x_tim.o(i.TIM_OC1Init), (152 bytes).
    Removing stm32f10x_tim.o(i.TIM_OC1NPolarityConfig), (18 bytes).
    Removing stm32f10x_tim.o(i.TIM_OC1PolarityConfig), (18 bytes).
    Removing stm32f10x_tim.o(i.TIM_OC1PreloadConfig), (18 bytes).
    Removing stm32f10x_tim.o(i.TIM_OC2FastConfig), (26 bytes).
    Removing stm32f10x_tim.o(i.TIM_OC2Init), (164 bytes).
    Removing stm32f10x_tim.o(i.TIM_OC2NPolarityConfig), (26 bytes).
    Removing stm32f10x_tim.o(i.TIM_OC2PolarityConfig), (26 bytes).
    Removing stm32f10x_tim.o(i.TIM_OC2PreloadConfig), (26 bytes).
    Removing stm32f10x_tim.o(i.TIM_OC3FastConfig), (18 bytes).
    Removing stm32f10x_tim.o(i.TIM_OC3Init), (160 bytes).
    Removing stm32f10x_tim.o(i.TIM_OC3NPolarityConfig), (26 bytes).
    Removing stm32f10x_tim.o(i.TIM_OC3PolarityConfig), (26 bytes).
    Removing stm32f10x_tim.o(i.TIM_OC3PreloadConfig), (18 bytes).
    Removing stm32f10x_tim.o(i.TIM_OC4FastConfig), (26 bytes).
    Removing stm32f10x_tim.o(i.TIM_OC4Init), (124 bytes).
    Removing stm32f10x_tim.o(i.TIM_OC4PolarityConfig), (26 bytes).
    Removing stm32f10x_tim.o(i.TIM_OC4PreloadConfig), (26 bytes).
    Removing stm32f10x_tim.o(i.TIM_OCStructInit), (20 bytes).
    Removing stm32f10x_tim.o(i.TIM_PWMIConfig), (124 bytes).
    Removing stm32f10x_tim.o(i.TIM_PrescalerConfig), (6 bytes).
    Removing stm32f10x_tim.o(i.TIM_SelectCCDMA), (24 bytes).
    Removing stm32f10x_tim.o(i.TIM_SelectCOM), (24 bytes).
    Removing stm32f10x_tim.o(i.TIM_SelectHallSensor), (24 bytes).
    Removing stm32f10x_tim.o(i.TIM_SelectInputTrigger), (18 bytes).
    Removing stm32f10x_tim.o(i.TIM_SelectMasterSlaveMode), (18 bytes).
    Removing stm32f10x_tim.o(i.TIM_SelectOCxM), (82 bytes).
    Removing stm32f10x_tim.o(i.TIM_SelectOnePulseMode), (18 bytes).
    Removing stm32f10x_tim.o(i.TIM_SelectOutputTrigger), (18 bytes).
    Removing stm32f10x_tim.o(i.TIM_SelectSlaveMode), (18 bytes).
    Removing stm32f10x_tim.o(i.TIM_SetAutoreload), (4 bytes).
    Removing stm32f10x_tim.o(i.TIM_SetClockDivision), (18 bytes).
    Removing stm32f10x_tim.o(i.TIM_SetCompare1), (4 bytes).
    Removing stm32f10x_tim.o(i.TIM_SetCompare2), (4 bytes).
    Removing stm32f10x_tim.o(i.TIM_SetCompare3), (4 bytes).
    Removing stm32f10x_tim.o(i.TIM_SetCompare4), (6 bytes).
    Removing stm32f10x_tim.o(i.TIM_SetCounter), (4 bytes).
    Removing stm32f10x_tim.o(i.TIM_SetIC1Prescaler), (18 bytes).
    Removing stm32f10x_tim.o(i.TIM_SetIC2Prescaler), (26 bytes).
    Removing stm32f10x_tim.o(i.TIM_SetIC3Prescaler), (18 bytes).
    Removing stm32f10x_tim.o(i.TIM_SetIC4Prescaler), (26 bytes).
    Removing stm32f10x_tim.o(i.TIM_TIxExternalClockConfig), (62 bytes).
    Removing stm32f10x_tim.o(i.TIM_TimeBaseStructInit), (18 bytes).
    Removing stm32f10x_tim.o(i.TIM_UpdateDisableConfig), (24 bytes).
    Removing stm32f10x_tim.o(i.TIM_UpdateRequestConfig), (24 bytes).
    Removing stm32f10x_usart.o(i.USART_ClearFlag), (18 bytes).
    Removing stm32f10x_usart.o(i.USART_ClearITPendingBit), (30 bytes).
    Removing stm32f10x_usart.o(i.USART_ClockInit), (34 bytes).
    Removing stm32f10x_usart.o(i.USART_ClockStructInit), (12 bytes).
    Removing stm32f10x_usart.o(i.USART_DMACmd), (18 bytes).
    Removing stm32f10x_usart.o(i.USART_DeInit), (156 bytes).
    Removing stm32f10x_usart.o(i.USART_GetFlagStatus), (26 bytes).
    Removing stm32f10x_usart.o(i.USART_HalfDuplexCmd), (24 bytes).
    Removing stm32f10x_usart.o(i.USART_IrDACmd), (24 bytes).
    Removing stm32f10x_usart.o(i.USART_IrDAConfig), (18 bytes).
    Removing stm32f10x_usart.o(i.USART_LINBreakDetectLengthConfig), (18 bytes).
    Removing stm32f10x_usart.o(i.USART_LINCmd), (24 bytes).
    Removing stm32f10x_usart.o(i.USART_OneBitMethodCmd), (24 bytes).
    Removing stm32f10x_usart.o(i.USART_OverSampling8Cmd), (22 bytes).
    Removing stm32f10x_usart.o(i.USART_ReceiverWakeUpCmd), (24 bytes).
    Removing stm32f10x_usart.o(i.USART_SendBreak), (10 bytes).
    Removing stm32f10x_usart.o(i.USART_SendData), (8 bytes).
    Removing stm32f10x_usart.o(i.USART_SetAddress), (18 bytes).
    Removing stm32f10x_usart.o(i.USART_SetGuardTime), (16 bytes).
    Removing stm32f10x_usart.o(i.USART_SetPrescaler), (16 bytes).
    Removing stm32f10x_usart.o(i.USART_SmartCardCmd), (24 bytes).
    Removing stm32f10x_usart.o(i.USART_SmartCardNACKCmd), (24 bytes).
    Removing stm32f10x_usart.o(i.USART_StructInit), (24 bytes).
    Removing stm32f10x_usart.o(i.USART_WakeUpConfig), (18 bytes).
    Removing stm32f10x_wwdg.o(i.WWDG_ClearFlag), (12 bytes).
    Removing stm32f10x_wwdg.o(i.WWDG_DeInit), (22 bytes).
    Removing stm32f10x_wwdg.o(i.WWDG_Enable), (16 bytes).
    Removing stm32f10x_wwdg.o(i.WWDG_EnableIT), (12 bytes).
    Removing stm32f10x_wwdg.o(i.WWDG_GetFlagStatus), (12 bytes).
    Removing stm32f10x_wwdg.o(i.WWDG_SetCounter), (16 bytes).
    Removing stm32f10x_wwdg.o(i.WWDG_SetPrescaler), (24 bytes).
    Removing stm32f10x_wwdg.o(i.WWDG_SetWindowValue), (40 bytes).
    Removing iic.o(i.Data_Send_Senser), (266 bytes).
    Removing iic.o(i.Data_Send_Status), (302 bytes).
    Removing oled.o(i.OLED_16x16CN), (88 bytes).
    Removing oled.o(i.OLED_56x56CN), (264 bytes).
    Removing oled.o(i.OLED_Clear), (64 bytes).
    Removing oled.o(i.OLED_Display_Off), (28 bytes).
    Removing oled.o(i.OLED_Display_On), (28 bytes).
    Removing oled.o(i.OLED_Init), (340 bytes).
    Removing oled.o(i.OLED_Set_Pos), (46 bytes).
    Removing oled.o(i.OLED_WR_Byte), (136 bytes).
    Removing oled.o(i.bu), (44 bytes).
    Removing oled.o(i.caiquan), (44 bytes).
    Removing oled.o(i.caishu), (44 bytes).
    Removing oled.o(i.dao), (44 bytes).
    Removing oled.o(i.er), (44 bytes).
    Removing oled.o(i.lose), (34 bytes).
    Removing oled.o(i.ping), (34 bytes).
    Removing oled.o(i.pk), (64 bytes).
    Removing oled.o(i.san), (44 bytes).
    Removing oled.o(i.shi), (44 bytes).
    Removing oled.o(i.si), (44 bytes).
    Removing oled.o(i.warn1), (54 bytes).
    Removing oled.o(i.warn2), (34 bytes).
    Removing oled.o(i.win), (34 bytes).
    Removing oled.o(i.wu), (44 bytes).
    Removing oled.o(i.yi), (44 bytes).
    Removing oled.o(.bss), (1024 bytes).
    Removing oled.o(.data), (6088 bytes).

492 unused section(s) (total 27476 bytes) removed from the image.

==============================================================================

Image Symbol Table

    Local Symbols

    Symbol Name                              Value     Ov Type        Size  Object(Section)

    ../clib/angel/boardlib.s                 0x00000000   Number         0  boardinit3.o ABSOLUTE
    ../clib/angel/boardlib.s                 0x00000000   Number         0  boardinit2.o ABSOLUTE
    ../clib/angel/boardlib.s                 0x00000000   Number         0  boardinit1.o ABSOLUTE
    ../clib/angel/boardlib.s                 0x00000000   Number         0  boardshut.o ABSOLUTE
    ../clib/angel/handlers.s                 0x00000000   Number         0  __scatter_zi.o ABSOLUTE
    ../clib/angel/handlers.s                 0x00000000   Number         0  __scatter_copy.o ABSOLUTE
    ../clib/angel/kernel.s                   0x00000000   Number         0  __rtentry4.o ABSOLUTE
    ../clib/angel/kernel.s                   0x00000000   Number         0  __rtentry2.o ABSOLUTE
    ../clib/angel/kernel.s                   0x00000000   Number         0  rtexit2.o ABSOLUTE
    ../clib/angel/kernel.s                   0x00000000   Number         0  __rtentry.o ABSOLUTE
    ../clib/angel/kernel.s                   0x00000000   Number         0  rtexit.o ABSOLUTE
    ../clib/angel/rt.s                       0x00000000   Number         0  rt_raise.o ABSOLUTE
    ../clib/angel/scatter.s                  0x00000000   Number         0  __scatter.o ABSOLUTE
    ../clib/angel/startup.s                  0x00000000   Number         0  __main.o ABSOLUTE
    ../clib/angel/sys.s                      0x00000000   Number         0  use_no_semi.o ABSOLUTE
    ../clib/angel/sys.s                      0x00000000   Number         0  use_no_semi_2.o ABSOLUTE
    ../clib/angel/sys.s                      0x00000000   Number         0  indicate_semi.o ABSOLUTE
    ../clib/angel/sys.s                      0x00000000   Number         0  sys_stackheap_outer.o ABSOLUTE
    ../clib/angel/sys.s                      0x00000000   Number         0  libspace.o ABSOLUTE
    ../clib/angel/sysapp.c                   0x00000000   Number         0  sys_wrch.o ABSOLUTE
    ../clib/angel/sysapp.c                   0x00000000   Number         0  sys_command.o ABSOLUTE
    ../clib/armsys.c                         0x00000000   Number         0  no_argv.o ABSOLUTE
    ../clib/armsys.c                         0x00000000   Number         0  _get_argv_nomalloc.o ABSOLUTE
    ../clib/armsys.c                         0x00000000   Number         0  argv_veneer.o ABSOLUTE
    ../clib/armsys.c                         0x00000000   Number         0  argv_veneer.o ABSOLUTE
    ../clib/heapalloc.c                      0x00000000   Number         0  hrguard.o ABSOLUTE
    ../clib/heapaux.c                        0x00000000   Number         0  heapauxi.o ABSOLUTE
    ../clib/libinit.s                        0x00000000   Number         0  libshutdown.o ABSOLUTE
    ../clib/libinit.s                        0x00000000   Number         0  libinit2.o ABSOLUTE
    ../clib/libinit.s                        0x00000000   Number         0  libinit.o ABSOLUTE
    ../clib/libinit.s                        0x00000000   Number         0  libshutdown2.o ABSOLUTE
    ../clib/signal.c                         0x00000000   Number         0  defsig_abrt_inner.o ABSOLUTE
    ../clib/signal.c                         0x00000000   Number         0  defsig_fpe_inner.o ABSOLUTE
    ../clib/signal.c                         0x00000000   Number         0  defsig_rtred_inner.o ABSOLUTE
    ../clib/signal.c                         0x00000000   Number         0  defsig_stak_inner.o ABSOLUTE
    ../clib/signal.c                         0x00000000   Number         0  defsig_exit.o ABSOLUTE
    ../clib/signal.c                         0x00000000   Number         0  defsig_pvfn_inner.o ABSOLUTE
    ../clib/signal.c                         0x00000000   Number         0  defsig_rtmem_inner.o ABSOLUTE
    ../clib/signal.c                         0x00000000   Number         0  defsig_segv_inner.o ABSOLUTE
    ../clib/signal.c                         0x00000000   Number         0  __raise.o ABSOLUTE
    ../clib/signal.c                         0x00000000   Number         0  defsig_general.o ABSOLUTE
    ../clib/signal.c                         0x00000000   Number         0  defsig_cppl_inner.o ABSOLUTE
    ../clib/signal.c                         0x00000000   Number         0  defsig_rtmem_formal.o ABSOLUTE
    ../clib/signal.c                         0x00000000   Number         0  defsig_rtmem_outer.o ABSOLUTE
    ../clib/signal.c                         0x00000000   Number         0  defsig_other.o ABSOLUTE
    ../clib/signal.s                         0x00000000   Number         0  defsig.o ABSOLUTE
    ../clib/stdlib.c                         0x00000000   Number         0  exit.o ABSOLUTE
    ../clib/stdlib.c                         0x00000000   Number         0  rand.o ABSOLUTE
    ../clib/stdlib.c                         0x00000000   Number         0  rand.o ABSOLUTE
    ../fplib/d2f.s                           0x00000000   Number         0  d2f.o ABSOLUTE
    ../fplib/ddiv.s                          0x00000000   Number         0  ddiv.o ABSOLUTE
    ../fplib/dflt.s                          0x00000000   Number         0  dflt_clz.o ABSOLUTE
    ../fplib/dnaninf.s                       0x00000000   Number         0  dnaninf.o ABSOLUTE
    ../fplib/dretinf.s                       0x00000000   Number         0  dretinf.o ABSOLUTE
    ../fplib/faddsub.s                       0x00000000   Number         0  faddsub_clz.o ABSOLUTE
    ../fplib/ffix.s                          0x00000000   Number         0  ffix.o ABSOLUTE
    ../fplib/fmul.s                          0x00000000   Number         0  fmul.o ABSOLUTE
    ../fplib/fnaninf.s                       0x00000000   Number         0  fnaninf.o ABSOLUTE
    ../fplib/fpinit.s                        0x00000000   Number         0  fpinit.o ABSOLUTE
    ../fplib/fretinf.s                       0x00000000   Number         0  fretinf.o ABSOLUTE
    ../fplib/usenofp.s                       0x00000000   Number         0  usenofp.o ABSOLUTE
    ..\CORE\core_cm3.c                       0x00000000   Number         0  core_cm3.o ABSOLUTE
    ..\CORE\startup_stm32f10x_hd.s           0x00000000   Number         0  startup_stm32f10x_hd.o ABSOLUTE
    ..\HARDWARE\DUOJI\duoji.c                0x00000000   Number         0  duoji.o ABSOLUTE
    ..\HARDWARE\FDC2214\fdc2214.c            0x00000000   Number         0  fdc2214.o ABSOLUTE
    ..\HARDWARE\IIC\IIC.c                    0x00000000   Number         0  iic.o ABSOLUTE
    ..\HARDWARE\KEY\key.c                    0x00000000   Number         0  key.o ABSOLUTE
    ..\HARDWARE\LED\led.c                    0x00000000   Number         0  led.o ABSOLUTE
    ..\HARDWARE\OLED\oled.c                  0x00000000   Number         0  oled.o ABSOLUTE
    ..\HARDWARE\TIMER\timer.c                0x00000000   Number         0  timer.o ABSOLUTE
    ..\STM32F10x_FWLib\src\misc.c            0x00000000   Number         0  misc.o ABSOLUTE
    ..\STM32F10x_FWLib\src\stm32f10x_adc.c   0x00000000   Number         0  stm32f10x_adc.o ABSOLUTE
    ..\STM32F10x_FWLib\src\stm32f10x_bkp.c   0x00000000   Number         0  stm32f10x_bkp.o ABSOLUTE
    ..\STM32F10x_FWLib\src\stm32f10x_can.c   0x00000000   Number         0  stm32f10x_can.o ABSOLUTE
    ..\STM32F10x_FWLib\src\stm32f10x_cec.c   0x00000000   Number         0  stm32f10x_cec.o ABSOLUTE
    ..\STM32F10x_FWLib\src\stm32f10x_crc.c   0x00000000   Number         0  stm32f10x_crc.o ABSOLUTE
    ..\STM32F10x_FWLib\src\stm32f10x_dac.c   0x00000000   Number         0  stm32f10x_dac.o ABSOLUTE
    ..\STM32F10x_FWLib\src\stm32f10x_dbgmcu.c 0x00000000   Number         0  stm32f10x_dbgmcu.o ABSOLUTE
    ..\STM32F10x_FWLib\src\stm32f10x_dma.c   0x00000000   Number         0  stm32f10x_dma.o ABSOLUTE
    ..\STM32F10x_FWLib\src\stm32f10x_exti.c  0x00000000   Number         0  stm32f10x_exti.o ABSOLUTE
    ..\STM32F10x_FWLib\src\stm32f10x_flash.c 0x00000000   Number         0  stm32f10x_flash.o ABSOLUTE
    ..\STM32F10x_FWLib\src\stm32f10x_fsmc.c  0x00000000   Number         0  stm32f10x_fsmc.o ABSOLUTE
    ..\STM32F10x_FWLib\src\stm32f10x_gpio.c  0x00000000   Number         0  stm32f10x_gpio.o ABSOLUTE
    ..\STM32F10x_FWLib\src\stm32f10x_i2c.c   0x00000000   Number         0  stm32f10x_i2c.o ABSOLUTE
    ..\STM32F10x_FWLib\src\stm32f10x_iwdg.c  0x00000000   Number         0  stm32f10x_iwdg.o ABSOLUTE
    ..\STM32F10x_FWLib\src\stm32f10x_pwr.c   0x00000000   Number         0  stm32f10x_pwr.o ABSOLUTE
    ..\STM32F10x_FWLib\src\stm32f10x_rcc.c   0x00000000   Number         0  stm32f10x_rcc.o ABSOLUTE
    ..\STM32F10x_FWLib\src\stm32f10x_rtc.c   0x00000000   Number         0  stm32f10x_rtc.o ABSOLUTE
    ..\STM32F10x_FWLib\src\stm32f10x_sdio.c  0x00000000   Number         0  stm32f10x_sdio.o ABSOLUTE
    ..\STM32F10x_FWLib\src\stm32f10x_spi.c   0x00000000   Number         0  stm32f10x_spi.o ABSOLUTE
    ..\STM32F10x_FWLib\src\stm32f10x_tim.c   0x00000000   Number         0  stm32f10x_tim.o ABSOLUTE
    ..\STM32F10x_FWLib\src\stm32f10x_usart.c 0x00000000   Number         0  stm32f10x_usart.o ABSOLUTE
    ..\STM32F10x_FWLib\src\stm32f10x_wwdg.c  0x00000000   Number         0  stm32f10x_wwdg.o ABSOLUTE
    ..\SYSTEM\delay\delay.c                  0x00000000   Number         0  delay.o ABSOLUTE
    ..\SYSTEM\sys\sys.c                      0x00000000   Number         0  sys.o ABSOLUTE
    ..\SYSTEM\usart\usart.c                  0x00000000   Number         0  usart.o ABSOLUTE
    ..\\CORE\\core_cm3.c                     0x00000000   Number         0  core_cm3.o ABSOLUTE
    ..\\SYSTEM\\sys\\sys.c                   0x00000000   Number         0  sys.o ABSOLUTE
    dc.s                                     0x00000000   Number         0  dc.o ABSOLUTE
    main.c                                   0x00000000   Number         0  main.o ABSOLUTE
    stm32f10x_it.c                           0x00000000   Number         0  stm32f10x_it.o ABSOLUTE
    system_stm32f10x.c                       0x00000000   Number         0  system_stm32f10x.o ABSOLUTE
    RESET                                    0x08000000   Section      304  startup_stm32f10x_hd.o(RESET)
    !!!main                                  0x08000130   Section        8  __main.o(!!!main)
    !!!scatter                               0x08000138   Section       52  __scatter.o(!!!scatter)
    !!handler_copy                           0x0800016c   Section       26  __scatter_copy.o(!!handler_copy)
    !!handler_zi                             0x08000188   Section       28  __scatter_zi.o(!!handler_zi)
    .ARM.Collect$$libinit$$00000000          0x080001a4   Section        2  libinit.o(.ARM.Collect$$libinit$$00000000)
    .ARM.Collect$$libinit$$00000002          0x080001a6   Section        0  libinit2.o(.ARM.Collect$$libinit$$00000002)
    .ARM.Collect$$libinit$$00000004          0x080001a6   Section        0  libinit2.o(.ARM.Collect$$libinit$$00000004)
    .ARM.Collect$$libinit$$0000000A          0x080001a6   Section        0  libinit2.o(.ARM.Collect$$libinit$$0000000A)
    .ARM.Collect$$libinit$$0000000C          0x080001a6   Section        0  libinit2.o(.ARM.Collect$$libinit$$0000000C)
    .ARM.Collect$$libinit$$0000000D          0x080001a6   Section        4  libinit2.o(.ARM.Collect$$libinit$$0000000D)
    .ARM.Collect$$libinit$$0000000E          0x080001aa   Section        0  libinit2.o(.ARM.Collect$$libinit$$0000000E)
    .ARM.Collect$$libinit$$00000011          0x080001aa   Section        0  libinit2.o(.ARM.Collect$$libinit$$00000011)
    .ARM.Collect$$libinit$$00000013          0x080001aa   Section        0  libinit2.o(.ARM.Collect$$libinit$$00000013)
    .ARM.Collect$$libinit$$00000015          0x080001aa   Section        0  libinit2.o(.ARM.Collect$$libinit$$00000015)
    .ARM.Collect$$libinit$$00000017          0x080001aa   Section        0  libinit2.o(.ARM.Collect$$libinit$$00000017)
    .ARM.Collect$$libinit$$00000019          0x080001aa   Section        0  libinit2.o(.ARM.Collect$$libinit$$00000019)
    .ARM.Collect$$libinit$$0000001B          0x080001aa   Section        0  libinit2.o(.ARM.Collect$$libinit$$0000001B)
    .ARM.Collect$$libinit$$0000001D          0x080001aa   Section        0  libinit2.o(.ARM.Collect$$libinit$$0000001D)
    .ARM.Collect$$libinit$$0000001F          0x080001aa   Section        0  libinit2.o(.ARM.Collect$$libinit$$0000001F)
    .ARM.Collect$$libinit$$00000021          0x080001aa   Section        0  libinit2.o(.ARM.Collect$$libinit$$00000021)
    .ARM.Collect$$libinit$$00000023          0x080001aa   Section        0  libinit2.o(.ARM.Collect$$libinit$$00000023)
    .ARM.Collect$$libinit$$00000025          0x080001aa   Section        0  libinit2.o(.ARM.Collect$$libinit$$00000025)
    .ARM.Collect$$libinit$$0000002C          0x080001aa   Section        0  libinit2.o(.ARM.Collect$$libinit$$0000002C)
    .ARM.Collect$$libinit$$0000002E          0x080001aa   Section        0  libinit2.o(.ARM.Collect$$libinit$$0000002E)
    .ARM.Collect$$libinit$$00000030          0x080001aa   Section        0  libinit2.o(.ARM.Collect$$libinit$$00000030)
    .ARM.Collect$$libinit$$00000032          0x080001aa   Section        0  libinit2.o(.ARM.Collect$$libinit$$00000032)
    .ARM.Collect$$libinit$$00000033          0x080001aa   Section        2  libinit2.o(.ARM.Collect$$libinit$$00000033)
    .ARM.Collect$$libshutdown$$00000000      0x080001ac   Section        2  libshutdown.o(.ARM.Collect$$libshutdown$$00000000)
    .ARM.Collect$$libshutdown$$00000003      0x080001ae   Section        0  libshutdown2.o(.ARM.Collect$$libshutdown$$00000003)
    .ARM.Collect$$libshutdown$$00000006      0x080001ae   Section        0  libshutdown2.o(.ARM.Collect$$libshutdown$$00000006)
    .ARM.Collect$$libshutdown$$00000009      0x080001ae   Section        0  libshutdown2.o(.ARM.Collect$$libshutdown$$00000009)
    .ARM.Collect$$libshutdown$$0000000B      0x080001ae   Section        0  libshutdown2.o(.ARM.Collect$$libshutdown$$0000000B)
    .ARM.Collect$$libshutdown$$0000000E      0x080001ae   Section        0  libshutdown2.o(.ARM.Collect$$libshutdown$$0000000E)
    .ARM.Collect$$libshutdown$$0000000F      0x080001ae   Section        2  libshutdown2.o(.ARM.Collect$$libshutdown$$0000000F)
    .ARM.Collect$$rtentry$$00000000          0x080001b0   Section        0  __rtentry.o(.ARM.Collect$$rtentry$$00000000)
    .ARM.Collect$$rtentry$$00000002          0x080001b0   Section        0  __rtentry2.o(.ARM.Collect$$rtentry$$00000002)
    .ARM.Collect$$rtentry$$00000004          0x080001b0   Section        6  __rtentry4.o(.ARM.Collect$$rtentry$$00000004)
    .ARM.Collect$$rtentry$$00000009          0x080001b6   Section        0  __rtentry2.o(.ARM.Collect$$rtentry$$00000009)
    .ARM.Collect$$rtentry$$0000000A          0x080001b6   Section        4  __rtentry2.o(.ARM.Collect$$rtentry$$0000000A)
    .ARM.Collect$$rtentry$$0000000C          0x080001ba   Section        0  __rtentry2.o(.ARM.Collect$$rtentry$$0000000C)
    .ARM.Collect$$rtentry$$0000000D          0x080001ba   Section        8  __rtentry2.o(.ARM.Collect$$rtentry$$0000000D)
    .ARM.Collect$$rtexit$$00000000           0x080001c2   Section        2  rtexit.o(.ARM.Collect$$rtexit$$00000000)
    .ARM.Collect$$rtexit$$00000002           0x080001c4   Section        0  rtexit2.o(.ARM.Collect$$rtexit$$00000002)
    .ARM.Collect$$rtexit$$00000003           0x080001c4   Section        4  rtexit2.o(.ARM.Collect$$rtexit$$00000003)
    .ARM.Collect$$rtexit$$00000004           0x080001c8   Section        6  rtexit2.o(.ARM.Collect$$rtexit$$00000004)
    .emb_text                                0x080001d0   Section       52  rand.o(.emb_text)
    .text                                    0x08000204   Section       64  startup_stm32f10x_hd.o(.text)
    .text                                    0x08000244   Section        2  use_no_semi_2.o(.text)
    .text                                    0x08000248   Section        0  rand.o(.text)
    .text                                    0x08000284   Section        0  heapauxi.o(.text)
    .text                                    0x0800028a   Section        2  use_no_semi.o(.text)
    .text                                    0x0800028c   Section       74  sys_stackheap_outer.o(.text)
    .text                                    0x080002d6   Section        0  exit.o(.text)
    .text                                    0x080002e4   Section        8  libspace.o(.text)
    i.BusFault_Handler                       0x080002ec   Section        0  stm32f10x_it.o(i.BusFault_Handler)
    i.Cap_Calculate                          0x080002f0   Section        0  fdc2214.o(i.Cap_Calculate)
    i.DebugMon_Handler                       0x08000338   Section        0  stm32f10x_it.o(i.DebugMon_Handler)
    i.FCD2214_ReadCH                         0x0800033a   Section        0  fdc2214.o(i.FCD2214_ReadCH)
    i.FDC2214_Init                           0x080003b2   Section        0  fdc2214.o(i.FDC2214_Init)
    i.FDC_GPIO_Init                          0x08000494   Section        0  fdc2214.o(i.FDC_GPIO_Init)
    i.FDC_IIC_Ack                            0x08000498   Section        0  fdc2214.o(i.FDC_IIC_Ack)
    i.FDC_IIC_Delay                          0x080004e4   Section        0  fdc2214.o(i.FDC_IIC_Delay)
    i.FDC_IIC_Init                           0x080004f0   Section        0  fdc2214.o(i.FDC_IIC_Init)
    i.FDC_IIC_NAck                           0x08000528   Section        0  fdc2214.o(i.FDC_IIC_NAck)
    i.FDC_IIC_Read_Byte                      0x08000574   Section        0  fdc2214.o(i.FDC_IIC_Read_Byte)
    i.FDC_IIC_Send_Byte                      0x080005e0   Section        0  fdc2214.o(i.FDC_IIC_Send_Byte)
    i.FDC_IIC_Start                          0x0800063c   Section        0  fdc2214.o(i.FDC_IIC_Start)
    i.FDC_IIC_Stop                           0x08000684   Section        0  fdc2214.o(i.FDC_IIC_Stop)
    i.FDC_IIC_Wait_Ack                       0x080006cc   Section        0  fdc2214.o(i.FDC_IIC_Wait_Ack)
    i.FDC_Read                               0x08000730   Section        0  fdc2214.o(i.FDC_Read)
    i.GPIO_Init                              0x08000772   Section        0  stm32f10x_gpio.o(i.GPIO_Init)
    i.GPIO_ReadInputDataBit                  0x08000888   Section        0  stm32f10x_gpio.o(i.GPIO_ReadInputDataBit)
    i.GPIO_SetBits                           0x0800089a   Section        0  stm32f10x_gpio.o(i.GPIO_SetBits)
    i.HardFault_Handler                      0x0800089e   Section        0  stm32f10x_it.o(i.HardFault_Handler)
    i.MemManage_Handler                      0x080008a2   Section        0  stm32f10x_it.o(i.MemManage_Handler)
    i.NMI_Handler                            0x080008a6   Section        0  stm32f10x_it.o(i.NMI_Handler)
    i.NVIC_Init                              0x080008a8   Section        0  misc.o(i.NVIC_Init)
    i.PendSV_Handler                         0x08000918   Section        0  stm32f10x_it.o(i.PendSV_Handler)
    i.RCC_APB1PeriphClockCmd                 0x0800091c   Section        0  stm32f10x_rcc.o(i.RCC_APB1PeriphClockCmd)
    i.RCC_APB2PeriphClockCmd                 0x0800093c   Section        0  stm32f10x_rcc.o(i.RCC_APB2PeriphClockCmd)
    i.RCC_GetClocksFreq                      0x0800095c   Section        0  stm32f10x_rcc.o(i.RCC_GetClocksFreq)
    i.SVC_Handler                            0x08000a30   Section        0  stm32f10x_it.o(i.SVC_Handler)
    i.SetSysClock                            0x08000a32   Section        0  system_stm32f10x.o(i.SetSysClock)
    SetSysClock                              0x08000a33   Thumb Code     8  system_stm32f10x.o(i.SetSysClock)
    i.SetSysClockTo72                        0x08000a3c   Section        0  system_stm32f10x.o(i.SetSysClockTo72)
    SetSysClockTo72                          0x08000a3d   Thumb Code   214  system_stm32f10x.o(i.SetSysClockTo72)
    i.Set_FDC2214                            0x08000b1c   Section        0  fdc2214.o(i.Set_FDC2214)
    i.SysTick_CLKSourceConfig                0x08000b76   Section        0  misc.o(i.SysTick_CLKSourceConfig)
    i.SysTick_Handler                        0x08000b9e   Section        0  stm32f10x_it.o(i.SysTick_Handler)
    i.Sys_Init                               0x08000ba0   Section        0  main.o(i.Sys_Init)
    i.SystemInit                             0x08000bec   Section        0  system_stm32f10x.o(i.SystemInit)
    i.TIM5_Ctrl_Init                         0x08000c4c   Section        0  timer.o(i.TIM5_Ctrl_Init)
    i.TIM5_IRQHandler                        0x08000ca8   Section        0  main.o(i.TIM5_IRQHandler)
    i.TIM_Cmd                                0x08000ce4   Section        0  stm32f10x_tim.o(i.TIM_Cmd)
    i.TIM_ITConfig                           0x08000cfc   Section        0  stm32f10x_tim.o(i.TIM_ITConfig)
    i.TIM_TimeBaseInit                       0x08000d10   Section        0  stm32f10x_tim.o(i.TIM_TimeBaseInit)
    i.USART1_IRQHandler                      0x08000db4   Section        0  usart.o(i.USART1_IRQHandler)
    i.USART_Cmd                              0x08000e3c   Section        0  stm32f10x_usart.o(i.USART_Cmd)
    i.USART_GetITStatus                      0x08000e54   Section        0  stm32f10x_usart.o(i.USART_GetITStatus)
    i.USART_ITConfig                         0x08000ea8   Section        0  stm32f10x_usart.o(i.USART_ITConfig)
    i.USART_Init                             0x08000ef4   Section        0  stm32f10x_usart.o(i.USART_Init)
    i.USART_ReceiveData                      0x08000fcc   Section        0  stm32f10x_usart.o(i.USART_ReceiveData)
    i.UsageFault_Handler                     0x08000fd6   Section        0  stm32f10x_it.o(i.UsageFault_Handler)
    i._sys_exit                              0x08000fda   Section        0  usart.o(i._sys_exit)
    i.data_process                           0x08000fe0   Section        0  main.o(i.data_process)
    i.delay                                  0x0800109c   Section        0  main.o(i.delay)
    i.delay_init                             0x080010d0   Section        0  delay.o(i.delay_init)
    i.delay_ms                               0x08001114   Section        0  delay.o(i.delay_ms)
    i.delay_us                               0x08001160   Section        0  delay.o(i.delay_us)
    i.dj_change                              0x080011ac   Section        0  duoji.o(i.dj_change)
    i.dj_learn                               0x080011f4   Section        0  duoji.o(i.dj_learn)
    i.dj_mid                                 0x08001220   Section        0  duoji.o(i.dj_mid)
    i.dj_mora                                0x080012a4   Section        0  duoji.o(i.dj_mora)
    i.dj_num                                 0x080012d0   Section        0  duoji.o(i.dj_num)
    i.dj_num_1                               0x080012fc   Section        0  duoji.o(i.dj_num_1)
    i.dj_num_2                               0x08001344   Section        0  duoji.o(i.dj_num_2)
    i.dj_pk                                  0x0800138c   Section        0  duoji.o(i.dj_pk)
    i.dj_vs                                  0x080013b8   Section        0  duoji.o(i.dj_vs)
    i.duoji_init                             0x080013e4   Section        0  duoji.o(i.duoji_init)
    i.key_init                               0x08001414   Section        0  key.o(i.key_init)
    i.key_scan                               0x08001498   Section        0  key.o(i.key_scan)
    i.led_init                               0x0800167c   Section        0  led.o(i.led_init)
    i.main                                   0x08001770   Section        0  main.o(i.main)
    i.mode_learn                             0x080018b8   Section        0  main.o(i.mode_learn)
    i.mode_mora                              0x08001a9c   Section        0  main.o(i.mode_mora)
    i.mode_num                               0x08001bc8   Section        0  main.o(i.mode_num)
    i.mode_pk                                0x08001d0c   Section        0  main.o(i.mode_pk)
    i.mode_vs                                0x08001e6c   Section        0  main.o(i.mode_vs)
    i.one                                    0x08002124   Section        0  duoji.o(i.one)
    i.three                                  0x0800216c   Section        0  duoji.o(i.three)
    i.two                                    0x080021b4   Section        0  duoji.o(i.two)
    i.uart_init                              0x080021fc   Section        0  usart.o(i.uart_init)
    x$fpl$d2f                                0x0800229c   Section       98  d2f.o(x$fpl$d2f)
    x$fpl$ddiv                               0x08002300   Section      688  ddiv.o(x$fpl$ddiv)
    ddiv_entry                               0x08002307   Thumb Code     0  ddiv.o(x$fpl$ddiv)
    x$fpl$dfltu                              0x080025b0   Section       38  dflt_clz.o(x$fpl$dfltu)
    x$fpl$dnaninf                            0x080025d6   Section      156  dnaninf.o(x$fpl$dnaninf)
    x$fpl$dretinf                            0x08002672   Section       12  dretinf.o(x$fpl$dretinf)
    x$fpl$fadd                               0x08002680   Section      196  faddsub_clz.o(x$fpl$fadd)
    _fadd1                                   0x0800268f   Thumb Code     0  faddsub_clz.o(x$fpl$fadd)
    x$fpl$ffix                               0x08002744   Section       54  ffix.o(x$fpl$ffix)
    x$fpl$fmul                               0x0800277c   Section      258  fmul.o(x$fpl$fmul)
    x$fpl$fnaninf                            0x0800287e   Section      140  fnaninf.o(x$fpl$fnaninf)
    x$fpl$fretinf                            0x0800290a   Section       10  fretinf.o(x$fpl$fretinf)
    x$fpl$fsub                               0x08002914   Section      234  faddsub_clz.o(x$fpl$fsub)
    _fsub1                                   0x08002923   Thumb Code     0  faddsub_clz.o(x$fpl$fsub)
    x$fpl$usenofp                            0x080029fe   Section        0  usenofp.o(x$fpl$usenofp)
    .data                                    0x20000000   Section       13  main.o(.data)
    a                                        0x20000006   Data           1  main.o(.data)
    x                                        0x20000007   Data           1  main.o(.data)
    a11                                      0x20000008   Data           1  main.o(.data)
    a22                                      0x20000009   Data           1  main.o(.data)
    a33                                      0x2000000a   Data           1  main.o(.data)
    b1                                       0x2000000b   Data           1  main.o(.data)
    b2                                       0x2000000c   Data           1  main.o(.data)
    .data                                    0x20000010   Section       20  system_stm32f10x.o(.data)
    .data                                    0x20000024   Section        4  delay.o(.data)
    fac_us                                   0x20000024   Data           1  delay.o(.data)
    fac_ms                                   0x20000026   Data           2  delay.o(.data)
    .data                                    0x20000028   Section        6  usart.o(.data)
    .data                                    0x2000002e   Section       20  stm32f10x_rcc.o(.data)
    APBAHBPrescTable                         0x2000002e   Data          16  stm32f10x_rcc.o(.data)
    ADCPrescTable                            0x2000003e   Data           4  stm32f10x_rcc.o(.data)
    .data                                    0x20000044   Section        4  fdc2214.o(.data)
    .data                                    0x20000048   Section        1  key.o(.data)
    k_puss                                   0x20000048   Data           1  key.o(.data)
    .data                                    0x2000004c   Section        4  duoji.o(.data)
    .bss                                     0x20000050   Section       48  main.o(.bss)
    .bss                                     0x20000080   Section      200  usart.o(.bss)
    .bss                                     0x20000148   Section      228  rand.o(.bss)
    .bss                                     0x2000022c   Section       96  libspace.o(.bss)
    HEAP                                     0x20000290   Section      512  startup_stm32f10x_hd.o(HEAP)
    Heap_Mem                                 0x20000290   Data         512  startup_stm32f10x_hd.o(HEAP)
    STACK                                    0x20000490   Section     1024  startup_stm32f10x_hd.o(STACK)
    Stack_Mem                                0x20000490   Data        1024  startup_stm32f10x_hd.o(STACK)
    __initial_sp                             0x20000890   Data           0  startup_stm32f10x_hd.o(STACK)

    Global Symbols

    Symbol Name                              Value     Ov Type        Size  Object(Section)

    BuildAttributes$$THM_ISAv4$P$D$K$B$S$PE$A:L22UL41UL21$X:L11$S22US41US21$IEEE1$IW$USESV6$~STKCKD$USESV7$~SHL$OSPACE$ROPI$EBA8$UX$STANDARDLIB$REQ8$PRES8$EABIv2 0x00000000   Number         0  anon$$obj.o ABSOLUTE
    __ARM_use_no_argv                        0x00000000   Number         0  main.o ABSOLUTE
    __ARM_exceptions_init                     - Undefined Weak Reference
    __alloca_initialize                       - Undefined Weak Reference
    __arm_preinit_                            - Undefined Weak Reference
    __cpp_initialize__aeabi_                  - Undefined Weak Reference
    __cxa_finalize                            - Undefined Weak Reference
    __rt_locale                               - Undefined Weak Reference
    __sigvec_lookup                           - Undefined Weak Reference
    _atexit_init                              - Undefined Weak Reference
    _call_atexit_fns                          - Undefined Weak Reference
    _clock_init                               - Undefined Weak Reference
    _fp_trap_init                             - Undefined Weak Reference
    _fp_trap_shutdown                         - Undefined Weak Reference
    _get_lc_collate                           - Undefined Weak Reference
    _get_lc_ctype                             - Undefined Weak Reference
    _get_lc_monetary                          - Undefined Weak Reference
    _get_lc_numeric                           - Undefined Weak Reference
    _get_lc_time                              - Undefined Weak Reference
    _getenv_init                              - Undefined Weak Reference
    _handle_redirection                       - Undefined Weak Reference
    _init_alloc                               - Undefined Weak Reference
    _init_user_alloc                          - Undefined Weak Reference
    _initio                                   - Undefined Weak Reference
    _signal_finish                            - Undefined Weak Reference
    _signal_init                              - Undefined Weak Reference
    _terminate_alloc                          - Undefined Weak Reference
    _terminate_user_alloc                     - Undefined Weak Reference
    _terminateio                              - Undefined Weak Reference
    __Vectors_Size                           0x00000130   Number         0  startup_stm32f10x_hd.o ABSOLUTE
    __Vectors                                0x08000000   Data           4  startup_stm32f10x_hd.o(RESET)
    __Vectors_End                            0x08000130   Data           0  startup_stm32f10x_hd.o(RESET)
    __main                                   0x08000131   Thumb Code     8  __main.o(!!!main)
    __scatterload                            0x08000139   Thumb Code     0  __scatter.o(!!!scatter)
    __scatterload_rt2                        0x08000139   Thumb Code    44  __scatter.o(!!!scatter)
    __scatterload_rt2_thumb_only             0x08000139   Thumb Code     0  __scatter.o(!!!scatter)
    __scatterload_null                       0x08000147   Thumb Code     0  __scatter.o(!!!scatter)
    __scatterload_copy                       0x0800016d   Thumb Code    26  __scatter_copy.o(!!handler_copy)
    __scatterload_zeroinit                   0x08000189   Thumb Code    28  __scatter_zi.o(!!handler_zi)
    __rt_lib_init                            0x080001a5   Thumb Code     0  libinit.o(.ARM.Collect$$libinit$$00000000)
    __rt_lib_init_fp_1                       0x080001a7   Thumb Code     0  libinit2.o(.ARM.Collect$$libinit$$00000002)
    __rt_lib_init_heap_1                     0x080001a7   Thumb Code     0  libinit2.o(.ARM.Collect$$libinit$$0000000A)
    __rt_lib_init_preinit_1                  0x080001a7   Thumb Code     0  libinit2.o(.ARM.Collect$$libinit$$00000004)
    __rt_lib_init_rand_2                     0x080001a7   Thumb Code     0  libinit2.o(.ARM.Collect$$libinit$$0000000D)
    __rt_lib_init_user_alloc_1               0x080001a7   Thumb Code     0  libinit2.o(.ARM.Collect$$libinit$$0000000C)
    __rt_lib_init_alloca_1                   0x080001ab   Thumb Code     0  libinit2.o(.ARM.Collect$$libinit$$0000002E)
    __rt_lib_init_argv_1                     0x080001ab   Thumb Code     0  libinit2.o(.ARM.Collect$$libinit$$0000002C)
    __rt_lib_init_atexit_1                   0x080001ab   Thumb Code     0  libinit2.o(.ARM.Collect$$libinit$$0000001B)
    __rt_lib_init_clock_1                    0x080001ab   Thumb Code     0  libinit2.o(.ARM.Collect$$libinit$$00000021)
    __rt_lib_init_cpp_1                      0x080001ab   Thumb Code     0  libinit2.o(.ARM.Collect$$libinit$$00000032)
    __rt_lib_init_exceptions_1               0x080001ab   Thumb Code     0  libinit2.o(.ARM.Collect$$libinit$$00000030)
    __rt_lib_init_fp_trap_1                  0x080001ab   Thumb Code     0  libinit2.o(.ARM.Collect$$libinit$$0000001F)
    __rt_lib_init_getenv_1                   0x080001ab   Thumb Code     0  libinit2.o(.ARM.Collect$$libinit$$00000023)
    __rt_lib_init_lc_collate_1               0x080001ab   Thumb Code     0  libinit2.o(.ARM.Collect$$libinit$$00000011)
    __rt_lib_init_lc_ctype_1                 0x080001ab   Thumb Code     0  libinit2.o(.ARM.Collect$$libinit$$00000013)
    __rt_lib_init_lc_monetary_1              0x080001ab   Thumb Code     0  libinit2.o(.ARM.Collect$$libinit$$00000015)
    __rt_lib_init_lc_numeric_1               0x080001ab   Thumb Code     0  libinit2.o(.ARM.Collect$$libinit$$00000017)
    __rt_lib_init_lc_time_1                  0x080001ab   Thumb Code     0  libinit2.o(.ARM.Collect$$libinit$$00000019)
    __rt_lib_init_rand_1                     0x080001ab   Thumb Code     0  libinit2.o(.ARM.Collect$$libinit$$0000000E)
    __rt_lib_init_return                     0x080001ab   Thumb Code     0  libinit2.o(.ARM.Collect$$libinit$$00000033)
    __rt_lib_init_signal_1                   0x080001ab   Thumb Code     0  libinit2.o(.ARM.Collect$$libinit$$0000001D)
    __rt_lib_init_stdio_1                    0x080001ab   Thumb Code     0  libinit2.o(.ARM.Collect$$libinit$$00000025)
    __rt_lib_shutdown                        0x080001ad   Thumb Code     0  libshutdown.o(.ARM.Collect$$libshutdown$$00000000)
    __rt_lib_shutdown_fp_trap_1              0x080001af   Thumb Code     0  libshutdown2.o(.ARM.Collect$$libshutdown$$00000006)
    __rt_lib_shutdown_heap_1                 0x080001af   Thumb Code     0  libshutdown2.o(.ARM.Collect$$libshutdown$$0000000E)
    __rt_lib_shutdown_return                 0x080001af   Thumb Code     0  libshutdown2.o(.ARM.Collect$$libshutdown$$0000000F)
    __rt_lib_shutdown_signal_1               0x080001af   Thumb Code     0  libshutdown2.o(.ARM.Collect$$libshutdown$$00000009)
    __rt_lib_shutdown_stdio_1                0x080001af   Thumb Code     0  libshutdown2.o(.ARM.Collect$$libshutdown$$00000003)
    __rt_lib_shutdown_user_alloc_1           0x080001af   Thumb Code     0  libshutdown2.o(.ARM.Collect$$libshutdown$$0000000B)
    __rt_entry                               0x080001b1   Thumb Code     0  __rtentry.o(.ARM.Collect$$rtentry$$00000000)
    __rt_entry_presh_1                       0x080001b1   Thumb Code     0  __rtentry2.o(.ARM.Collect$$rtentry$$00000002)
    __rt_entry_sh                            0x080001b1   Thumb Code     0  __rtentry4.o(.ARM.Collect$$rtentry$$00000004)
    __rt_entry_li                            0x080001b7   Thumb Code     0  __rtentry2.o(.ARM.Collect$$rtentry$$0000000A)
    __rt_entry_postsh_1                      0x080001b7   Thumb Code     0  __rtentry2.o(.ARM.Collect$$rtentry$$00000009)
    __rt_entry_main                          0x080001bb   Thumb Code     0  __rtentry2.o(.ARM.Collect$$rtentry$$0000000D)
    __rt_entry_postli_1                      0x080001bb   Thumb Code     0  __rtentry2.o(.ARM.Collect$$rtentry$$0000000C)
    __rt_exit                                0x080001c3   Thumb Code     0  rtexit.o(.ARM.Collect$$rtexit$$00000000)
    __rt_exit_ls                             0x080001c5   Thumb Code     0  rtexit2.o(.ARM.Collect$$rtexit$$00000003)
    __rt_exit_prels_1                        0x080001c5   Thumb Code     0  rtexit2.o(.ARM.Collect$$rtexit$$00000002)
    __rt_exit_exit                           0x080001c9   Thumb Code     0  rtexit2.o(.ARM.Collect$$rtexit$$00000004)
    rand                                     0x080001d1   Thumb Code    48  rand.o(.emb_text)
    Reset_Handler                            0x08000205   Thumb Code     8  startup_stm32f10x_hd.o(.text)
    ADC1_2_IRQHandler                        0x0800021f   Thumb Code     0  startup_stm32f10x_hd.o(.text)
    ADC3_IRQHandler                          0x0800021f   Thumb Code     0  startup_stm32f10x_hd.o(.text)
    CAN1_RX1_IRQHandler                      0x0800021f   Thumb Code     0  startup_stm32f10x_hd.o(.text)
    CAN1_SCE_IRQHandler                      0x0800021f   Thumb Code     0  startup_stm32f10x_hd.o(.text)
    DMA1_Channel1_IRQHandler                 0x0800021f   Thumb Code     0  startup_stm32f10x_hd.o(.text)
    DMA1_Channel2_IRQHandler                 0x0800021f   Thumb Code     0  startup_stm32f10x_hd.o(.text)
    DMA1_Channel3_IRQHandler                 0x0800021f   Thumb Code     0  startup_stm32f10x_hd.o(.text)
    DMA1_Channel4_IRQHandler                 0x0800021f   Thumb Code     0  startup_stm32f10x_hd.o(.text)
    DMA1_Channel5_IRQHandler                 0x0800021f   Thumb Code     0  startup_stm32f10x_hd.o(.text)
    DMA1_Channel6_IRQHandler                 0x0800021f   Thumb Code     0  startup_stm32f10x_hd.o(.text)
    DMA1_Channel7_IRQHandler                 0x0800021f   Thumb Code     0  startup_stm32f10x_hd.o(.text)
    DMA2_Channel1_IRQHandler                 0x0800021f   Thumb Code     0  startup_stm32f10x_hd.o(.text)
    DMA2_Channel2_IRQHandler                 0x0800021f   Thumb Code     0  startup_stm32f10x_hd.o(.text)
    DMA2_Channel3_IRQHandler                 0x0800021f   Thumb Code     0  startup_stm32f10x_hd.o(.text)
    DMA2_Channel4_5_IRQHandler               0x0800021f   Thumb Code     0  startup_stm32f10x_hd.o(.text)
    EXTI0_IRQHandler                         0x0800021f   Thumb Code     0  startup_stm32f10x_hd.o(.text)
    EXTI15_10_IRQHandler                     0x0800021f   Thumb Code     0  startup_stm32f10x_hd.o(.text)
    EXTI1_IRQHandler                         0x0800021f   Thumb Code     0  startup_stm32f10x_hd.o(.text)
    EXTI2_IRQHandler                         0x0800021f   Thumb Code     0  startup_stm32f10x_hd.o(.text)
    EXTI3_IRQHandler                         0x0800021f   Thumb Code     0  startup_stm32f10x_hd.o(.text)
    EXTI4_IRQHandler                         0x0800021f   Thumb Code     0  startup_stm32f10x_hd.o(.text)
    EXTI9_5_IRQHandler                       0x0800021f   Thumb Code     0  startup_stm32f10x_hd.o(.text)
    FLASH_IRQHandler                         0x0800021f   Thumb Code     0  startup_stm32f10x_hd.o(.text)
    FSMC_IRQHandler                          0x0800021f   Thumb Code     0  startup_stm32f10x_hd.o(.text)
    I2C1_ER_IRQHandler                       0x0800021f   Thumb Code     0  startup_stm32f10x_hd.o(.text)
    I2C1_EV_IRQHandler                       0x0800021f   Thumb Code     0  startup_stm32f10x_hd.o(.text)
    I2C2_ER_IRQHandler                       0x0800021f   Thumb Code     0  startup_stm32f10x_hd.o(.text)
    I2C2_EV_IRQHandler                       0x0800021f   Thumb Code     0  startup_stm32f10x_hd.o(.text)
    PVD_IRQHandler                           0x0800021f   Thumb Code     0  startup_stm32f10x_hd.o(.text)
    RCC_IRQHandler                           0x0800021f   Thumb Code     0  startup_stm32f10x_hd.o(.text)
    RTCAlarm_IRQHandler                      0x0800021f   Thumb Code     0  startup_stm32f10x_hd.o(.text)
    RTC_IRQHandler                           0x0800021f   Thumb Code     0  startup_stm32f10x_hd.o(.text)
    SDIO_IRQHandler                          0x0800021f   Thumb Code     0  startup_stm32f10x_hd.o(.text)
    SPI1_IRQHandler                          0x0800021f   Thumb Code     0  startup_stm32f10x_hd.o(.text)
    SPI2_IRQHandler                          0x0800021f   Thumb Code     0  startup_stm32f10x_hd.o(.text)
    SPI3_IRQHandler                          0x0800021f   Thumb Code     0  startup_stm32f10x_hd.o(.text)
    TAMPER_IRQHandler                        0x0800021f   Thumb Code     0  startup_stm32f10x_hd.o(.text)
    TIM1_BRK_IRQHandler                      0x0800021f   Thumb Code     0  startup_stm32f10x_hd.o(.text)
    TIM1_CC_IRQHandler                       0x0800021f   Thumb Code     0  startup_stm32f10x_hd.o(.text)
    TIM1_TRG_COM_IRQHandler                  0x0800021f   Thumb Code     0  startup_stm32f10x_hd.o(.text)
    TIM1_UP_IRQHandler                       0x0800021f   Thumb Code     0  startup_stm32f10x_hd.o(.text)
    TIM2_IRQHandler                          0x0800021f   Thumb Code     0  startup_stm32f10x_hd.o(.text)
    TIM3_IRQHandler                          0x0800021f   Thumb Code     0  startup_stm32f10x_hd.o(.text)
    TIM4_IRQHandler                          0x0800021f   Thumb Code     0  startup_stm32f10x_hd.o(.text)
    TIM6_IRQHandler                          0x0800021f   Thumb Code     0  startup_stm32f10x_hd.o(.text)
    TIM7_IRQHandler                          0x0800021f   Thumb Code     0  startup_stm32f10x_hd.o(.text)
    TIM8_BRK_IRQHandler                      0x0800021f   Thumb Code     0  startup_stm32f10x_hd.o(.text)
    TIM8_CC_IRQHandler                       0x0800021f   Thumb Code     0  startup_stm32f10x_hd.o(.text)
    TIM8_TRG_COM_IRQHandler                  0x0800021f   Thumb Code     0  startup_stm32f10x_hd.o(.text)
    TIM8_UP_IRQHandler                       0x0800021f   Thumb Code     0  startup_stm32f10x_hd.o(.text)
    UART4_IRQHandler                         0x0800021f   Thumb Code     0  startup_stm32f10x_hd.o(.text)
    UART5_IRQHandler                         0x0800021f   Thumb Code     0  startup_stm32f10x_hd.o(.text)
    USART2_IRQHandler                        0x0800021f   Thumb Code     0  startup_stm32f10x_hd.o(.text)
    USART3_IRQHandler                        0x0800021f   Thumb Code     0  startup_stm32f10x_hd.o(.text)
    USBWakeUp_IRQHandler                     0x0800021f   Thumb Code     0  startup_stm32f10x_hd.o(.text)
    USB_HP_CAN1_TX_IRQHandler                0x0800021f   Thumb Code     0  startup_stm32f10x_hd.o(.text)
    USB_LP_CAN1_RX0_IRQHandler               0x0800021f   Thumb Code     0  startup_stm32f10x_hd.o(.text)
    WWDG_IRQHandler                          0x0800021f   Thumb Code     0  startup_stm32f10x_hd.o(.text)
    __user_initial_stackheap                 0x08000221   Thumb Code     0  startup_stm32f10x_hd.o(.text)
    __use_no_semihosting                     0x08000245   Thumb Code     2  use_no_semi_2.o(.text)
    srand                                    0x08000249   Thumb Code    42  rand.o(.text)
    _rand_init                               0x08000273   Thumb Code     4  rand.o(.text)
    __use_two_region_memory                  0x08000285   Thumb Code     2  heapauxi.o(.text)
    __rt_heap_escrow$2region                 0x08000287   Thumb Code     2  heapauxi.o(.text)
    __rt_heap_expand$2region                 0x08000289   Thumb Code     2  heapauxi.o(.text)
    __I$use$semihosting                      0x0800028b   Thumb Code     0  use_no_semi.o(.text)
    __use_no_semihosting_swi                 0x0800028b   Thumb Code     2  use_no_semi.o(.text)
    __user_setup_stackheap                   0x0800028d   Thumb Code    74  sys_stackheap_outer.o(.text)
    exit                                     0x080002d7   Thumb Code    12  exit.o(.text)
    __user_libspace                          0x080002e5   Thumb Code     8  libspace.o(.text)
    __user_perproc_libspace                  0x080002e5   Thumb Code     0  libspace.o(.text)
    __user_perthread_libspace                0x080002e5   Thumb Code     0  libspace.o(.text)
    BusFault_Handler                         0x080002ed   Thumb Code     4  stm32f10x_it.o(i.BusFault_Handler)
    Cap_Calculate                            0x080002f1   Thumb Code    58  fdc2214.o(i.Cap_Calculate)
    DebugMon_Handler                         0x08000339   Thumb Code     2  stm32f10x_it.o(i.DebugMon_Handler)
    FCD2214_ReadCH                           0x0800033b   Thumb Code   120  fdc2214.o(i.FCD2214_ReadCH)
    FDC2214_Init                             0x080003b3   Thumb Code   226  fdc2214.o(i.FDC2214_Init)
    FDC_GPIO_Init                            0x08000495   Thumb Code     2  fdc2214.o(i.FDC_GPIO_Init)
    FDC_IIC_Ack                              0x08000499   Thumb Code    62  fdc2214.o(i.FDC_IIC_Ack)
    FDC_IIC_Delay                            0x080004e5   Thumb Code    10  fdc2214.o(i.FDC_IIC_Delay)
    FDC_IIC_Init                             0x080004f1   Thumb Code    50  fdc2214.o(i.FDC_IIC_Init)
    FDC_IIC_NAck                             0x08000529   Thumb Code    62  fdc2214.o(i.FDC_IIC_NAck)
    FDC_IIC_Read_Byte                        0x08000575   Thumb Code    94  fdc2214.o(i.FDC_IIC_Read_Byte)
    FDC_IIC_Send_Byte                        0x080005e1   Thumb Code    80  fdc2214.o(i.FDC_IIC_Send_Byte)
    FDC_IIC_Start                            0x0800063d   Thumb Code    60  fdc2214.o(i.FDC_IIC_Start)
    FDC_IIC_Stop                             0x08000685   Thumb Code    58  fdc2214.o(i.FDC_IIC_Stop)
    FDC_IIC_Wait_Ack                         0x080006cd   Thumb Code    86  fdc2214.o(i.FDC_IIC_Wait_Ack)
    FDC_Read                                 0x08000731   Thumb Code    66  fdc2214.o(i.FDC_Read)
    GPIO_Init                                0x08000773   Thumb Code   278  stm32f10x_gpio.o(i.GPIO_Init)
    GPIO_ReadInputDataBit                    0x08000889   Thumb Code    18  stm32f10x_gpio.o(i.GPIO_ReadInputDataBit)
    GPIO_SetBits                             0x0800089b   Thumb Code     4  stm32f10x_gpio.o(i.GPIO_SetBits)
    HardFault_Handler                        0x0800089f   Thumb Code     4  stm32f10x_it.o(i.HardFault_Handler)
    MemManage_Handler                        0x080008a3   Thumb Code     4  stm32f10x_it.o(i.MemManage_Handler)
    NMI_Handler                              0x080008a7   Thumb Code     2  stm32f10x_it.o(i.NMI_Handler)
    NVIC_Init                                0x080008a9   Thumb Code   100  misc.o(i.NVIC_Init)
    PendSV_Handler                           0x08000919   Thumb Code     2  stm32f10x_it.o(i.PendSV_Handler)
    RCC_APB1PeriphClockCmd                   0x0800091d   Thumb Code    26  stm32f10x_rcc.o(i.RCC_APB1PeriphClockCmd)
    RCC_APB2PeriphClockCmd                   0x0800093d   Thumb Code    26  stm32f10x_rcc.o(i.RCC_APB2PeriphClockCmd)
    RCC_GetClocksFreq                        0x0800095d   Thumb Code   192  stm32f10x_rcc.o(i.RCC_GetClocksFreq)
    SVC_Handler                              0x08000a31   Thumb Code     2  stm32f10x_it.o(i.SVC_Handler)
    Set_FDC2214                              0x08000b1d   Thumb Code    90  fdc2214.o(i.Set_FDC2214)
    SysTick_CLKSourceConfig                  0x08000b77   Thumb Code    40  misc.o(i.SysTick_CLKSourceConfig)
    SysTick_Handler                          0x08000b9f   Thumb Code     2  stm32f10x_it.o(i.SysTick_Handler)
    Sys_Init                                 0x08000ba1   Thumb Code    70  main.o(i.Sys_Init)
    SystemInit                               0x08000bed   Thumb Code    78  system_stm32f10x.o(i.SystemInit)
    TIM5_Ctrl_Init                           0x08000c4d   Thumb Code    88  timer.o(i.TIM5_Ctrl_Init)
    TIM5_IRQHandler                          0x08000ca9   Thumb Code    52  main.o(i.TIM5_IRQHandler)
    TIM_Cmd                                  0x08000ce5   Thumb Code    24  stm32f10x_tim.o(i.TIM_Cmd)
    TIM_ITConfig                             0x08000cfd   Thumb Code    18  stm32f10x_tim.o(i.TIM_ITConfig)
    TIM_TimeBaseInit                         0x08000d11   Thumb Code   122  stm32f10x_tim.o(i.TIM_TimeBaseInit)
    USART1_IRQHandler                        0x08000db5   Thumb Code   122  usart.o(i.USART1_IRQHandler)
    USART_Cmd                                0x08000e3d   Thumb Code    24  stm32f10x_usart.o(i.USART_Cmd)
    USART_GetITStatus                        0x08000e55   Thumb Code    84  stm32f10x_usart.o(i.USART_GetITStatus)
    USART_ITConfig                           0x08000ea9   Thumb Code    74  stm32f10x_usart.o(i.USART_ITConfig)
    USART_Init                               0x08000ef5   Thumb Code   210  stm32f10x_usart.o(i.USART_Init)
    USART_ReceiveData                        0x08000fcd   Thumb Code    10  stm32f10x_usart.o(i.USART_ReceiveData)
    UsageFault_Handler                       0x08000fd7   Thumb Code     4  stm32f10x_it.o(i.UsageFault_Handler)
    _sys_exit                                0x08000fdb   Thumb Code     6  usart.o(i._sys_exit)
    data_process                             0x08000fe1   Thumb Code   166  main.o(i.data_process)
    delay                                    0x0800109d   Thumb Code    50  main.o(i.delay)
    delay_init                               0x080010d1   Thumb Code    50  delay.o(i.delay_init)
    delay_ms                                 0x08001115   Thumb Code    72  delay.o(i.delay_ms)
    delay_us                                 0x08001161   Thumb Code    72  delay.o(i.delay_us)
    dj_change                                0x080011ad   Thumb Code    60  duoji.o(i.dj_change)
    dj_learn                                 0x080011f5   Thumb Code    34  duoji.o(i.dj_learn)
    dj_mid                                   0x08001221   Thumb Code   118  duoji.o(i.dj_mid)
    dj_mora                                  0x080012a5   Thumb Code    34  duoji.o(i.dj_mora)
    dj_num                                   0x080012d1   Thumb Code    34  duoji.o(i.dj_num)
    dj_num_1                                 0x080012fd   Thumb Code    60  duoji.o(i.dj_num_1)
    dj_num_2                                 0x08001345   Thumb Code    60  duoji.o(i.dj_num_2)
    dj_pk                                    0x0800138d   Thumb Code    34  duoji.o(i.dj_pk)
    dj_vs                                    0x080013b9   Thumb Code    34  duoji.o(i.dj_vs)
    duoji_init                               0x080013e5   Thumb Code    44  duoji.o(i.duoji_init)
    key_init                                 0x08001415   Thumb Code   120  key.o(i.key_init)
    key_scan                                 0x08001499   Thumb Code   466  key.o(i.key_scan)
    led_init                                 0x0800167d   Thumb Code   224  led.o(i.led_init)
    main                                     0x08001771   Thumb Code   316  main.o(i.main)
    mode_learn                               0x080018b9   Thumb Code   448  main.o(i.mode_learn)
    mode_mora                                0x08001a9d   Thumb Code   276  main.o(i.mode_mora)
    mode_num                                 0x08001bc9   Thumb Code   296  main.o(i.mode_num)
    mode_pk                                  0x08001d0d   Thumb Code   320  main.o(i.mode_pk)
    mode_vs                                  0x08001e6d   Thumb Code   648  main.o(i.mode_vs)
    one                                      0x08002125   Thumb Code    60  duoji.o(i.one)
    three                                    0x0800216d   Thumb Code    60  duoji.o(i.three)
    two                                      0x080021b5   Thumb Code    60  duoji.o(i.two)
    uart_init                                0x080021fd   Thumb Code   152  usart.o(i.uart_init)
    __aeabi_d2f                              0x0800229d   Thumb Code     0  d2f.o(x$fpl$d2f)
    _d2f                                     0x0800229d   Thumb Code    98  d2f.o(x$fpl$d2f)
    __aeabi_ddiv                             0x08002301   Thumb Code     0  ddiv.o(x$fpl$ddiv)
    _ddiv                                    0x08002301   Thumb Code   552  ddiv.o(x$fpl$ddiv)
    __aeabi_ui2d                             0x080025b1   Thumb Code     0  dflt_clz.o(x$fpl$dfltu)
    _dfltu                                   0x080025b1   Thumb Code    38  dflt_clz.o(x$fpl$dfltu)
    __fpl_dnaninf                            0x080025d7   Thumb Code   156  dnaninf.o(x$fpl$dnaninf)
    __fpl_dretinf                            0x08002673   Thumb Code    12  dretinf.o(x$fpl$dretinf)
    __aeabi_fadd                             0x08002681   Thumb Code     0  faddsub_clz.o(x$fpl$fadd)
    _fadd                                    0x08002681   Thumb Code   196  faddsub_clz.o(x$fpl$fadd)
    __aeabi_f2iz                             0x08002745   Thumb Code     0  ffix.o(x$fpl$ffix)
    _ffix                                    0x08002745   Thumb Code    54  ffix.o(x$fpl$ffix)
    __aeabi_fmul                             0x0800277d   Thumb Code     0  fmul.o(x$fpl$fmul)
    _fmul                                    0x0800277d   Thumb Code   258  fmul.o(x$fpl$fmul)
    __fpl_fnaninf                            0x0800287f   Thumb Code   140  fnaninf.o(x$fpl$fnaninf)
    __fpl_fretinf                            0x0800290b   Thumb Code    10  fretinf.o(x$fpl$fretinf)
    __aeabi_fsub                             0x08002915   Thumb Code     0  faddsub_clz.o(x$fpl$fsub)
    _fsub                                    0x08002915   Thumb Code   234  faddsub_clz.o(x$fpl$fsub)
    __I$use$fp                               0x080029fe   Number         0  usenofp.o(x$fpl$usenofp)
    Region$$Table$$Base                      0x08002a00   Number         0  anon$$obj.o(Region$$Table)
    Region$$Table$$Limit                     0x08002a20   Number         0  anon$$obj.o(Region$$Table)
    val_sum                                  0x20000000   Data           4  main.o(.data)
    a1                                       0x20000004   Data           1  main.o(.data)
    a2                                       0x20000005   Data           1  main.o(.data)
    SystemCoreClock                          0x20000010   Data           4  system_stm32f10x.o(.data)
    AHBPrescTable                            0x20000014   Data          16  system_stm32f10x.o(.data)
    __stdout                                 0x20000028   Data           4  usart.o(.data)
    USART_RX_STA                             0x2000002c   Data           2  usart.o(.data)
    Data_FDC                                 0x20000044   Data           4  fdc2214.o(.data)
    a                                        0x2000004c   Data           4  duoji.o(.data)
    val_channel                              0x20000050   Data          16  main.o(.bss)
    temp                                     0x20000060   Data          16  main.o(.bss)
    res                                      0x20000070   Data          16  main.o(.bss)
    USART_RX_BUF                             0x20000080   Data         200  usart.o(.bss)
    _random_number_data                      0x20000148   Data         228  rand.o(.bss)
    __libspace_start                         0x2000022c   Data          96  libspace.o(.bss)
    __temporary_stack_top$libspace           0x2000028c   Data           0  libspace.o(.bss)



==============================================================================

Memory Map of the image

  Image Entry point : 0x08000205

  Load Region LR_1 (Base: 0x08000000, Size: 0x00002a70, Max: 0xffffffff, ABSOLUTE)

    Execution Region ER_RO (Base: 0x08000000, Size: 0x00002a20, Max: 0xffffffff, ABSOLUTE)

    Base Addr    Size         Type   Attr      Idx    E Section Name        Object

    0x08000000   0x00000130   Data   RO          429    RESET               startup_stm32f10x_hd.o
    0x08000130   0x00000008   Code   RO         3819  * !!!main             c_w.l(__main.o)
    0x08000138   0x00000034   Code   RO         4006    !!!scatter          c_w.l(__scatter.o)
    0x0800016c   0x0000001a   Code   RO         4008    !!handler_copy      c_w.l(__scatter_copy.o)
    0x08000186   0x00000002   PAD
    0x08000188   0x0000001c   Code   RO         4010    !!handler_zi        c_w.l(__scatter_zi.o)
    0x080001a4   0x00000002   Code   RO         3934    .ARM.Collect$$libinit$$00000000  c_w.l(libinit.o)
    0x080001a6   0x00000000   Code   RO         3849    .ARM.Collect$$libinit$$00000002  c_w.l(libinit2.o)
    0x080001a6   0x00000000   Code   RO         3851    .ARM.Collect$$libinit$$00000004  c_w.l(libinit2.o)
    0x080001a6   0x00000000   Code   RO         3854    .ARM.Collect$$libinit$$0000000A  c_w.l(libinit2.o)
    0x080001a6   0x00000000   Code   RO         3856    .ARM.Collect$$libinit$$0000000C  c_w.l(libinit2.o)
    0x080001a6   0x00000004   Code   RO         3857    .ARM.Collect$$libinit$$0000000D  c_w.l(libinit2.o)
    0x080001aa   0x00000000   Code   RO         3858    .ARM.Collect$$libinit$$0000000E  c_w.l(libinit2.o)
    0x080001aa   0x00000000   Code   RO         3861    .ARM.Collect$$libinit$$00000011  c_w.l(libinit2.o)
    0x080001aa   0x00000000   Code   RO         3863    .ARM.Collect$$libinit$$00000013  c_w.l(libinit2.o)
    0x080001aa   0x00000000   Code   RO         3865    .ARM.Collect$$libinit$$00000015  c_w.l(libinit2.o)
    0x080001aa   0x00000000   Code   RO         3867    .ARM.Collect$$libinit$$00000017  c_w.l(libinit2.o)
    0x080001aa   0x00000000   Code   RO         3869    .ARM.Collect$$libinit$$00000019  c_w.l(libinit2.o)
    0x080001aa   0x00000000   Code   RO         3871    .ARM.Collect$$libinit$$0000001B  c_w.l(libinit2.o)
    0x080001aa   0x00000000   Code   RO         3873    .ARM.Collect$$libinit$$0000001D  c_w.l(libinit2.o)
    0x080001aa   0x00000000   Code   RO         3875    .ARM.Collect$$libinit$$0000001F  c_w.l(libinit2.o)
    0x080001aa   0x00000000   Code   RO         3877    .ARM.Collect$$libinit$$00000021  c_w.l(libinit2.o)
    0x080001aa   0x00000000   Code   RO         3879    .ARM.Collect$$libinit$$00000023  c_w.l(libinit2.o)
    0x080001aa   0x00000000   Code   RO         3881    .ARM.Collect$$libinit$$00000025  c_w.l(libinit2.o)
    0x080001aa   0x00000000   Code   RO         3885    .ARM.Collect$$libinit$$0000002C  c_w.l(libinit2.o)
    0x080001aa   0x00000000   Code   RO         3887    .ARM.Collect$$libinit$$0000002E  c_w.l(libinit2.o)
    0x080001aa   0x00000000   Code   RO         3889    .ARM.Collect$$libinit$$00000030  c_w.l(libinit2.o)
    0x080001aa   0x00000000   Code   RO         3891    .ARM.Collect$$libinit$$00000032  c_w.l(libinit2.o)
    0x080001aa   0x00000002   Code   RO         3892    .ARM.Collect$$libinit$$00000033  c_w.l(libinit2.o)
    0x080001ac   0x00000002   Code   RO         3968    .ARM.Collect$$libshutdown$$00000000  c_w.l(libshutdown.o)
    0x080001ae   0x00000000   Code   RO         3975    .ARM.Collect$$libshutdown$$00000003  c_w.l(libshutdown2.o)
    0x080001ae   0x00000000   Code   RO         3978    .ARM.Collect$$libshutdown$$00000006  c_w.l(libshutdown2.o)
    0x080001ae   0x00000000   Code   RO         3981    .ARM.Collect$$libshutdown$$00000009  c_w.l(libshutdown2.o)
    0x080001ae   0x00000000   Code   RO         3983    .ARM.Collect$$libshutdown$$0000000B  c_w.l(libshutdown2.o)
    0x080001ae   0x00000000   Code   RO         3986    .ARM.Collect$$libshutdown$$0000000E  c_w.l(libshutdown2.o)
    0x080001ae   0x00000002   Code   RO         3987    .ARM.Collect$$libshutdown$$0000000F  c_w.l(libshutdown2.o)
    0x080001b0   0x00000000   Code   RO         3847    .ARM.Collect$$rtentry$$00000000  c_w.l(__rtentry.o)
    0x080001b0   0x00000000   Code   RO         3903    .ARM.Collect$$rtentry$$00000002  c_w.l(__rtentry2.o)
    0x080001b0   0x00000006   Code   RO         3915    .ARM.Collect$$rtentry$$00000004  c_w.l(__rtentry4.o)
    0x080001b6   0x00000000   Code   RO         3905    .ARM.Collect$$rtentry$$00000009  c_w.l(__rtentry2.o)
    0x080001b6   0x00000004   Code   RO         3906    .ARM.Collect$$rtentry$$0000000A  c_w.l(__rtentry2.o)
    0x080001ba   0x00000000   Code   RO         3908    .ARM.Collect$$rtentry$$0000000C  c_w.l(__rtentry2.o)
    0x080001ba   0x00000008   Code   RO         3909    .ARM.Collect$$rtentry$$0000000D  c_w.l(__rtentry2.o)
    0x080001c2   0x00000002   Code   RO         3940    .ARM.Collect$$rtexit$$00000000  c_w.l(rtexit.o)
    0x080001c4   0x00000000   Code   RO         3950    .ARM.Collect$$rtexit$$00000002  c_w.l(rtexit2.o)
    0x080001c4   0x00000004   Code   RO         3951    .ARM.Collect$$rtexit$$00000003  c_w.l(rtexit2.o)
    0x080001c8   0x00000006   Code   RO         3952    .ARM.Collect$$rtexit$$00000004  c_w.l(rtexit2.o)
    0x080001ce   0x00000002   PAD
    0x080001d0   0x00000034   Code   RO         3812    .emb_text           c_w.l(rand.o)
    0x08000204   0x00000040   Code   RO          430  * .text               startup_stm32f10x_hd.o
    0x08000244   0x00000002   Code   RO         3810    .text               c_w.l(use_no_semi_2.o)
    0x08000246   0x00000002   PAD
    0x08000248   0x0000003c   Code   RO         3813    .text               c_w.l(rand.o)
    0x08000284   0x00000006   Code   RO         3817    .text               c_w.l(heapauxi.o)
    0x0800028a   0x00000002   Code   RO         3845    .text               c_w.l(use_no_semi.o)
    0x0800028c   0x0000004a   Code   RO         3921    .text               c_w.l(sys_stackheap_outer.o)
    0x080002d6   0x0000000c   Code   RO         3923    .text               c_w.l(exit.o)
    0x080002e2   0x00000002   PAD
    0x080002e4   0x00000008   Code   RO         3937    .text               c_w.l(libspace.o)
    0x080002ec   0x00000004   Code   RO          192    i.BusFault_Handler  stm32f10x_it.o
    0x080002f0   0x00000048   Code   RO         3401    i.Cap_Calculate     fdc2214.o
    0x08000338   0x00000002   Code   RO          193    i.DebugMon_Handler  stm32f10x_it.o
    0x0800033a   0x00000078   Code   RO         3402    i.FCD2214_ReadCH    fdc2214.o
    0x080003b2   0x000000e2   Code   RO         3403    i.FDC2214_Init      fdc2214.o
    0x08000494   0x00000002   Code   RO         3404    i.FDC_GPIO_Init     fdc2214.o
    0x08000496   0x00000002   PAD
    0x08000498   0x0000004c   Code   RO         3405    i.FDC_IIC_Ack       fdc2214.o
    0x080004e4   0x0000000a   Code   RO         3406    i.FDC_IIC_Delay     fdc2214.o
    0x080004ee   0x00000002   PAD
    0x080004f0   0x00000038   Code   RO         3407    i.FDC_IIC_Init      fdc2214.o
    0x08000528   0x0000004c   Code   RO         3408    i.FDC_IIC_NAck      fdc2214.o
    0x08000574   0x0000006c   Code   RO         3409    i.FDC_IIC_Read_Byte  fdc2214.o
    0x080005e0   0x0000005c   Code   RO         3410    i.FDC_IIC_Send_Byte  fdc2214.o
    0x0800063c   0x00000048   Code   RO         3411    i.FDC_IIC_Start     fdc2214.o
    0x08000684   0x00000048   Code   RO         3412    i.FDC_IIC_Stop      fdc2214.o
    0x080006cc   0x00000064   Code   RO         3413    i.FDC_IIC_Wait_Ack  fdc2214.o
    0x08000730   0x00000042   Code   RO         3414    i.FDC_Read          fdc2214.o
    0x08000772   0x00000116   Code   RO         1585    i.GPIO_Init         stm32f10x_gpio.o
    0x08000888   0x00000012   Code   RO         1589    i.GPIO_ReadInputDataBit  stm32f10x_gpio.o
    0x0800089a   0x00000004   Code   RO         1593    i.GPIO_SetBits      stm32f10x_gpio.o
    0x0800089e   0x00000004   Code   RO          194    i.HardFault_Handler  stm32f10x_it.o
    0x080008a2   0x00000004   Code   RO          195    i.MemManage_Handler  stm32f10x_it.o
    0x080008a6   0x00000002   Code   RO          196    i.NMI_Handler       stm32f10x_it.o
    0x080008a8   0x00000070   Code   RO          434    i.NVIC_Init         misc.o
    0x08000918   0x00000002   Code   RO          197    i.PendSV_Handler    stm32f10x_it.o
    0x0800091a   0x00000002   PAD
    0x0800091c   0x00000020   Code   RO         2001    i.RCC_APB1PeriphClockCmd  stm32f10x_rcc.o
    0x0800093c   0x00000020   Code   RO         2003    i.RCC_APB2PeriphClockCmd  stm32f10x_rcc.o
    0x0800095c   0x000000d4   Code   RO         2011    i.RCC_GetClocksFreq  stm32f10x_rcc.o
    0x08000a30   0x00000002   Code   RO          198    i.SVC_Handler       stm32f10x_it.o
    0x08000a32   0x00000008   Code   RO          281    i.SetSysClock       system_stm32f10x.o
    0x08000a3a   0x00000002   PAD
    0x08000a3c   0x000000e0   Code   RO          282    i.SetSysClockTo72   system_stm32f10x.o
    0x08000b1c   0x0000005a   Code   RO         3415    i.Set_FDC2214       fdc2214.o
    0x08000b76   0x00000028   Code   RO          438    i.SysTick_CLKSourceConfig  misc.o
    0x08000b9e   0x00000002   Code   RO          199    i.SysTick_Handler   stm32f10x_it.o
    0x08000ba0   0x0000004c   Code   RO            1    i.Sys_Init          main.o
    0x08000bec   0x00000060   Code   RO          284    i.SystemInit        system_stm32f10x.o
    0x08000c4c   0x0000005c   Code   RO         3531    i.TIM5_Ctrl_Init    timer.o
    0x08000ca8   0x0000003c   Code   RO            2    i.TIM5_IRQHandler   main.o
    0x08000ce4   0x00000018   Code   RO         2635    i.TIM_Cmd           stm32f10x_tim.o
    0x08000cfc   0x00000012   Code   RO         2660    i.TIM_ITConfig      stm32f10x_tim.o
    0x08000d0e   0x00000002   PAD
    0x08000d10   0x000000a4   Code   RO         2706    i.TIM_TimeBaseInit  stm32f10x_tim.o
    0x08000db4   0x00000088   Code   RO          370    i.USART1_IRQHandler  usart.o
    0x08000e3c   0x00000018   Code   RO         3171    i.USART_Cmd         stm32f10x_usart.o
    0x08000e54   0x00000054   Code   RO         3175    i.USART_GetITStatus  stm32f10x_usart.o
    0x08000ea8   0x0000004a   Code   RO         3177    i.USART_ITConfig    stm32f10x_usart.o
    0x08000ef2   0x00000002   PAD
    0x08000ef4   0x000000d8   Code   RO         3178    i.USART_Init        stm32f10x_usart.o
    0x08000fcc   0x0000000a   Code   RO         3185    i.USART_ReceiveData  stm32f10x_usart.o
    0x08000fd6   0x00000004   Code   RO          200    i.UsageFault_Handler  stm32f10x_it.o
    0x08000fda   0x00000006   Code   RO          372    i._sys_exit         usart.o
    0x08000fe0   0x000000bc   Code   RO            3    i.data_process      main.o
    0x0800109c   0x00000032   Code   RO            4    i.delay             main.o
    0x080010ce   0x00000002   PAD
    0x080010d0   0x00000044   Code   RO          315    i.delay_init        delay.o
    0x08001114   0x0000004c   Code   RO          316    i.delay_ms          delay.o
    0x08001160   0x0000004c   Code   RO          317    i.delay_us          delay.o
    0x080011ac   0x00000048   Code   RO         3721    i.dj_change         duoji.o
    0x080011f4   0x0000002c   Code   RO         3722    i.dj_learn          duoji.o
    0x08001220   0x00000084   Code   RO         3723    i.dj_mid            duoji.o
    0x080012a4   0x0000002c   Code   RO         3724    i.dj_mora           duoji.o
    0x080012d0   0x0000002c   Code   RO         3725    i.dj_num            duoji.o
    0x080012fc   0x00000048   Code   RO         3726    i.dj_num_1          duoji.o
    0x08001344   0x00000048   Code   RO         3727    i.dj_num_2          duoji.o
    0x0800138c   0x0000002c   Code   RO         3728    i.dj_pk             duoji.o
    0x080013b8   0x0000002c   Code   RO         3729    i.dj_vs             duoji.o
    0x080013e4   0x00000030   Code   RO         3730    i.duoji_init        duoji.o
    0x08001414   0x00000084   Code   RO         3500    i.key_init          key.o
    0x08001498   0x000001e4   Code   RO         3501    i.key_scan          key.o
    0x0800167c   0x000000f4   Code   RO         3519    i.led_init          led.o
    0x08001770   0x00000148   Code   RO            5    i.main              main.o
    0x080018b8   0x000001e4   Code   RO            6    i.mode_learn        main.o
    0x08001a9c   0x0000012c   Code   RO            7    i.mode_mora         main.o
    0x08001bc8   0x00000144   Code   RO            8    i.mode_num          main.o
    0x08001d0c   0x00000160   Code   RO            9    i.mode_pk           main.o
    0x08001e6c   0x000002b8   Code   RO           10    i.mode_vs           main.o
    0x08002124   0x00000048   Code   RO         3731    i.one               duoji.o
    0x0800216c   0x00000048   Code   RO         3732    i.three             duoji.o
    0x080021b4   0x00000048   Code   RO         3733    i.two               duoji.o
    0x080021fc   0x000000a0   Code   RO          374    i.uart_init         usart.o
    0x0800229c   0x00000062   Code   RO         3821    x$fpl$d2f           fz_ws.l(d2f.o)
    0x080022fe   0x00000002   PAD
    0x08002300   0x000002b0   Code   RO         3824    x$fpl$ddiv          fz_ws.l(ddiv.o)
    0x080025b0   0x00000026   Code   RO         3827    x$fpl$dfltu         fz_ws.l(dflt_clz.o)
    0x080025d6   0x0000009c   Code   RO         3893    x$fpl$dnaninf       fz_ws.l(dnaninf.o)
    0x08002672   0x0000000c   Code   RO         3895    x$fpl$dretinf       fz_ws.l(dretinf.o)
    0x0800267e   0x00000002   PAD
    0x08002680   0x000000c4   Code   RO         3833    x$fpl$fadd          fz_ws.l(faddsub_clz.o)
    0x08002744   0x00000036   Code   RO         3839    x$fpl$ffix          fz_ws.l(ffix.o)
    0x0800277a   0x00000002   PAD
    0x0800277c   0x00000102   Code   RO         3843    x$fpl$fmul          fz_ws.l(fmul.o)
    0x0800287e   0x0000008c   Code   RO         3897    x$fpl$fnaninf       fz_ws.l(fnaninf.o)
    0x0800290a   0x0000000a   Code   RO         3899    x$fpl$fretinf       fz_ws.l(fretinf.o)
    0x08002914   0x000000ea   Code   RO         3835    x$fpl$fsub          fz_ws.l(faddsub_clz.o)
    0x080029fe   0x00000000   Code   RO         3901    x$fpl$usenofp       fz_ws.l(usenofp.o)
    0x080029fe   0x00000002   PAD
    0x08002a00   0x00000020   Data   RO         4004    Region$$Table       anon$$obj.o


    Execution Region ER_RW (Base: 0x20000000, Size: 0x00000050, Max: 0xffffffff, ABSOLUTE)

    Base Addr    Size         Type   Attr      Idx    E Section Name        Object

    0x20000000   0x0000000d   Data   RW           12    .data               main.o
    0x2000000d   0x00000003   PAD
    0x20000010   0x00000014   Data   RW          285    .data               system_stm32f10x.o
    0x20000024   0x00000004   Data   RW          318    .data               delay.o
    0x20000028   0x00000006   Data   RW          376    .data               usart.o
    0x2000002e   0x00000014   Data   RW         2031    .data               stm32f10x_rcc.o
    0x20000042   0x00000002   PAD
    0x20000044   0x00000004   Data   RW         3416    .data               fdc2214.o
    0x20000048   0x00000001   Data   RW         3502    .data               key.o
    0x20000049   0x00000003   PAD
    0x2000004c   0x00000004   Data   RW         3734    .data               duoji.o


    Execution Region ER_ZI (Base: 0x20000050, Size: 0x00000840, Max: 0xffffffff, ABSOLUTE)

    Base Addr    Size         Type   Attr      Idx    E Section Name        Object

    0x20000050   0x00000030   Zero   RW           11    .bss                main.o
    0x20000080   0x000000c8   Zero   RW          375    .bss                usart.o
    0x20000148   0x000000e4   Zero   RW         3814    .bss                c_w.l(rand.o)
    0x2000022c   0x00000060   Zero   RW         3938    .bss                c_w.l(libspace.o)
    0x2000028c   0x00000004   PAD
    0x20000290   0x00000200   Zero   RW          428    HEAP                startup_stm32f10x_hd.o
    0x20000490   0x00000400   Zero   RW          427    STACK               startup_stm32f10x_hd.o


==============================================================================

Image component sizes


      Code (inc. data)   RO Data    RW Data    ZI Data      Debug   Object Name

       220         26          0          4          0       1791   delay.o
       832        140          0          4          0       6734   duoji.o
      1238        114          0          4          0       8994   fdc2214.o
       616         30          0          1          0       1406   key.o
       244         20          0          0          0        607   led.o
      2858        216          0         13         48     261184   main.o
       152         12          0          0          0       1610   misc.o
        64         26        304          0       1536        812   startup_stm32f10x_hd.o
       300          0          0          0          0       3191   stm32f10x_gpio.o
        26          0          0          0          0       3910   stm32f10x_it.o
       276         32          0         20          0       4550   stm32f10x_rcc.o
       206         42          0          0          0       2412   stm32f10x_tim.o
       408          6          0          0          0       5090   stm32f10x_usart.o
         0          0          0          0          0         32   sys.o
       328         28          0         20          0       2197   system_stm32f10x.o
        92          4          0          0          0        665   timer.o
       302         22          0          6        200       3736   usart.o

    ----------------------------------------------------------------------
      8176        718        336         80       1784     308921   Object Totals
         0          0         32          0          0          0   (incl. Generated)
        14          0          0          8          0          0   (incl. Padding)

    ----------------------------------------------------------------------

      Code (inc. data)   RO Data    RW Data    ZI Data      Debug   Library Member Name

         8          0          0          0          0         68   __main.o
         0          0          0          0          0          0   __rtentry.o
        12          0          0          0          0          0   __rtentry2.o
         6          0          0          0          0          0   __rtentry4.o
        52          8          0          0          0          0   __scatter.o
        26          0          0          0          0          0   __scatter_copy.o
        28          0          0          0          0          0   __scatter_zi.o
        12          0          0          0          0         72   exit.o
         6          0          0          0          0        152   heapauxi.o
         2          0          0          0          0          0   libinit.o
         6          0          0          0          0          0   libinit2.o
         2          0          0          0          0          0   libshutdown.o
         2          0          0          0          0          0   libshutdown2.o
         8          4          0          0         96         68   libspace.o
       112         18          0          0        228        160   rand.o
         2          0          0          0          0          0   rtexit.o
        10          0          0          0          0          0   rtexit2.o
        74          0          0          0          0         80   sys_stackheap_outer.o
         2          0          0          0          0         68   use_no_semi.o
         2          0          0          0          0         68   use_no_semi_2.o
        98          4          0          0          0         92   d2f.o
       688        140          0          0          0        208   ddiv.o
        38          0          0          0          0         68   dflt_clz.o
       156          4          0          0          0         92   dnaninf.o
        12          0          0          0          0         68   dretinf.o
       430          8          0          0          0        168   faddsub_clz.o
        54          4          0          0          0         84   ffix.o
       258          4          0          0          0         84   fmul.o
       140          4          0          0          0         84   fnaninf.o
        10          0          0          0          0         68   fretinf.o
         0          0          0          0          0          0   usenofp.o

    ----------------------------------------------------------------------
      2272        198          0          0        328       1752   Library Totals
        16          0          0          0          4          0   (incl. Padding)

    ----------------------------------------------------------------------

      Code (inc. data)   RO Data    RW Data    ZI Data      Debug   Library Name

       372         30          0          0        324        736   c_w.l
      1884        168          0          0          0       1016   fz_ws.l

    ----------------------------------------------------------------------
      2272        198          0          0        328       1752   Library Totals

    ----------------------------------------------------------------------

==============================================================================


      Code (inc. data)   RO Data    RW Data    ZI Data      Debug   

     10448        916        336         80       2112     306093   Grand Totals
     10448        916        336         80       2112     306093   ELF Image Totals
     10448        916        336         80          0          0   ROM Totals

==============================================================================

    Total RO  Size (Code + RO Data)                10784 (  10.53kB)
    Total RW  Size (RW Data + ZI Data)              2192 (   2.14kB)
    Total ROM Size (Code + RO Data + RW Data)      10864 (  10.61kB)

==============================================================================

